Archive member included to satisfy reference by file (symbol)

D:\Lap Trinh\lap trinh\embedded\SDK_1.0.3_NUCLEO-F401RE\lib_stm\libLibraries.a(system_stm32f4xx.o)
                              ./Src/main.o (SystemCoreClockUpdate)
D:\Lap Trinh\lap trinh\embedded\SDK_1.0.3_NUCLEO-F401RE\lib_stm\libLibraries.a(misc.o)
                              ./Src/main.o (NVIC_PriorityGroupConfig)
D:\Lap Trinh\lap trinh\embedded\SDK_1.0.3_NUCLEO-F401RE\lib_stm\libLibraries.a(stm32f401re_gpio.o)
                              ./Src/main.o (GPIO_Init)
D:\Lap Trinh\lap trinh\embedded\SDK_1.0.3_NUCLEO-F401RE\lib_stm\libLibraries.a(stm32f401re_rcc.o)
                              ./Src/main.o (RCC_AHB1PeriphClockCmd)
D:\Lap Trinh\lap trinh\embedded\SDK_1.0.3_NUCLEO-F401RE\lib_stm\libLibraries.a(stm32f401re_usart.o)
                              ./Src/main.o (USART_Init)
D:\Lap Trinh\lap trinh\embedded\SDK_1.0.3_NUCLEO-F401RE\lib_stm\libLibraries.a(buzzer.o)
                              ./Src/main.o (BuzzerControl_Init)
D:\Lap Trinh\lap trinh\embedded\SDK_1.0.3_NUCLEO-F401RE\lib_stm\libLibraries.a(melody.o)
                              ./Src/main.o (pbeep)
D:\Lap Trinh\lap trinh\embedded\SDK_1.0.3_NUCLEO-F401RE\lib_stm\libLibraries.a(led.o)
                              ./Src/main.o (LedControl_Init)
D:\Lap Trinh\lap trinh\embedded\SDK_1.0.3_NUCLEO-F401RE\lib_stm\libLibraries.a(eventman.o)
                              ./Src/main.o (processEventScheduler)
D:\Lap Trinh\lap trinh\embedded\SDK_1.0.3_NUCLEO-F401RE\lib_stm\libLibraries.a(timer.o)
                              ./Src/main.o (TimerInit)
D:\Lap Trinh\lap trinh\embedded\SDK_1.0.3_NUCLEO-F401RE\lib_stm\libLibraries.a(lightsensor.o)
                              ./Src/main.o (LightSensor_Init)
D:\Lap Trinh\lap trinh\embedded\SDK_1.0.3_NUCLEO-F401RE\lib_stm\libLibraries.a(temhumsensor.o)
                              ./Src/main.o (TemHumSensor_Init)
D:\Lap Trinh\lap trinh\embedded\SDK_1.0.3_NUCLEO-F401RE\lib_stm\libLibraries.a(serial.o)
                              D:\Lap Trinh\lap trinh\embedded\SDK_1.0.3_NUCLEO-F401RE\lib_stm\libLibraries.a(buzzer.o) (Serial_SendPacket)
D:\Lap Trinh\lap trinh\embedded\SDK_1.0.3_NUCLEO-F401RE\lib_stm\libLibraries.a(Ucglib.o)
                              ./Src/main.o (Ucglib4WireSWSPI_begin)
D:\Lap Trinh\lap trinh\embedded\SDK_1.0.3_NUCLEO-F401RE\lib_stm\libLibraries.a(ucg_box.o)
                              ./Src/main.o (ucg_ClearScreen)
D:\Lap Trinh\lap trinh\embedded\SDK_1.0.3_NUCLEO-F401RE\lib_stm\libLibraries.a(ucg_ccs.o)
                              D:\Lap Trinh\lap trinh\embedded\SDK_1.0.3_NUCLEO-F401RE\lib_stm\libLibraries.a(ucg_box.o) (ucg_ccs_init)
D:\Lap Trinh\lap trinh\embedded\SDK_1.0.3_NUCLEO-F401RE\lib_stm\libLibraries.a(ucg_circle.o)
                              D:\Lap Trinh\lap trinh\embedded\SDK_1.0.3_NUCLEO-F401RE\lib_stm\libLibraries.a(ucg_box.o) (ucg_DrawCircle)
D:\Lap Trinh\lap trinh\embedded\SDK_1.0.3_NUCLEO-F401RE\lib_stm\libLibraries.a(ucg_dev_default_cb.o)
                              D:\Lap Trinh\lap trinh\embedded\SDK_1.0.3_NUCLEO-F401RE\lib_stm\libLibraries.a(Ucglib.o) (ucg_dev_default_cb)
D:\Lap Trinh\lap trinh\embedded\SDK_1.0.3_NUCLEO-F401RE\lib_stm\libLibraries.a(ucg_dev_ic_st7735.o)
                              D:\Lap Trinh\lap trinh\embedded\SDK_1.0.3_NUCLEO-F401RE\lib_stm\libLibraries.a(Ucglib.o) (ucg_ext_st7735_18)
D:\Lap Trinh\lap trinh\embedded\SDK_1.0.3_NUCLEO-F401RE\lib_stm\libLibraries.a(ucg_dev_msg_api.o)
                              D:\Lap Trinh\lap trinh\embedded\SDK_1.0.3_NUCLEO-F401RE\lib_stm\libLibraries.a(ucg_box.o) (ucg_SetMaxClipRange)
D:\Lap Trinh\lap trinh\embedded\SDK_1.0.3_NUCLEO-F401RE\lib_stm\libLibraries.a(ucg_dev_tft_128x128_st7735.o)
                              D:\Lap Trinh\lap trinh\embedded\SDK_1.0.3_NUCLEO-F401RE\lib_stm\libLibraries.a(Ucglib.o) (ucg_dev_st7735_18x128x128)
D:\Lap Trinh\lap trinh\embedded\SDK_1.0.3_NUCLEO-F401RE\lib_stm\libLibraries.a(ucg_font.o)
                              D:\Lap Trinh\lap trinh\embedded\SDK_1.0.3_NUCLEO-F401RE\lib_stm\libLibraries.a(Ucglib.o) (ucg_SetFontMode)
D:\Lap Trinh\lap trinh\embedded\SDK_1.0.3_NUCLEO-F401RE\lib_stm\libLibraries.a(ucg_init.o)
                              D:\Lap Trinh\lap trinh\embedded\SDK_1.0.3_NUCLEO-F401RE\lib_stm\libLibraries.a(Ucglib.o) (ucg_Init)
D:\Lap Trinh\lap trinh\embedded\SDK_1.0.3_NUCLEO-F401RE\lib_stm\libLibraries.a(ucg_line.o)
                              D:\Lap Trinh\lap trinh\embedded\SDK_1.0.3_NUCLEO-F401RE\lib_stm\libLibraries.a(ucg_font.o) (ucg_Draw90Line)
D:\Lap Trinh\lap trinh\embedded\SDK_1.0.3_NUCLEO-F401RE\lib_stm\libLibraries.a(ucg_pixel.o)
                              ./Src/main.o (ucg_SetColor)
D:\Lap Trinh\lap trinh\embedded\SDK_1.0.3_NUCLEO-F401RE\lib_stm\libLibraries.a(ucg_pixel_font_data.o)
                              ./Src/main.o (ucg_font_ncenR10_hr)
D:\Lap Trinh\lap trinh\embedded\SDK_1.0.3_NUCLEO-F401RE\lib_stm\libLibraries.a(ucg_rotate.o)
[...]
Memory Configuration

Name             Origin             Length             Attributes
RAM              0x0000000020000000 0x0000000000018000 xrw
FLASH            0x0000000008000000 0x0000000000080000 xr
*default*        0x0000000000000000 0xffffffffffffffff

Linker script and memory map

LOAD c:/st/stm32cubeide_1.10.1/stm32cubeide/plugins/com.st.stm32cube.ide.mcu.externaltools.gnu-tools-for-stm32.10.3-2021.10.win32_1.0.100.202210260954/tools/bin/../lib/gcc/arm-none-eabi/10.3.1/thumb/v7e-m+fp/hard/crti.o
LOAD c:/st/stm32cubeide_1.10.1/stm32cubeide/plugins/com.st.stm32cube.ide.mcu.externaltools.gnu-tools-for-stm32.10.3-2021.10.win32_1.0.100.202210260954/tools/bin/../lib/gcc/arm-none-eabi/10.3.1/thumb/v7e-m+fp/hard/crtbegin.o
LOAD c:/st/stm32cubeide_1.10.1/stm32cubeide/plugins/com.st.stm32cube.ide.mcu.externaltools.gnu-tools-for-stm32.10.3-2021.10.win32_1.0.100.202210260954/tools/bin/../lib/gcc/arm-none-eabi/10.3.1/../../../../arm-none-eabi/lib/thumb/v7e-m+fp/hard/crt0.o
LOAD ./Src/main.o
LOAD ./Src/syscalls.o
LOAD ./Src/sysmem.o
LOAD ./Startup/startup_stm32f401retx.o
LOAD D:\Lap Trinh\lap trinh\embedded\SDK_1.0.3_NUCLEO-F401RE\lib_stm\libLibraries.a
START GROUP
LOAD c:/st/stm32cubeide_1.10.1/stm32cubeide/plugins/com.st.stm32cube.ide.mcu.externaltools.gnu-tools-for-stm32.10.3-2021.10.win32_1.0.100.202210260954/tools/bin/../lib/gcc/arm-none-eabi/10.3.1/../../../../arm-none-eabi/lib/thumb/v7e-m+fp/hard\libc_nano.a
LOAD c:/st/stm32cubeide_1.10.1/stm32cubeide/plugins/com.st.stm32cube.ide.mcu.externaltools.gnu-tools-for-stm32.10.3-2021.10.win32_1.0.100.202210260954/tools/bin/../lib/gcc/arm-none-eabi/10.3.1/../../../../arm-none-eabi/lib/thumb/v7e-m+fp/hard\libm.a
END GROUP
START GROUP
LOAD c:/st/stm32cubeide_1.10.1/stm32cubeide/plugins/com.st.stm32cube.ide.mcu.externaltools.gnu-tools-for-stm32.10.3-2021.10.win32_1.0.100.202210260954/tools/bin/../lib/gcc/arm-none-eabi/10.3.1/thumb/v7e-m+fp/hard\libgcc.a
LOAD c:/st/stm32cubeide_1.10.1/stm32cubeide/plugins/com.st.stm32cube.ide.mcu.externaltools.gnu-tools-for-stm32.10.3-2021.10.win32_1.0.100.202210260954/tools/bin/../lib/gcc/arm-none-eabi/10.3.1/../../../../arm-none-eabi/lib/thumb/v7e-m+fp/hard\libc_nano.a
END GROUP
START GROUP
LOAD c:/st/stm32cubeide_1.10.1/stm32cubeide/plugins/com.st.stm32cube.ide.mcu.externaltools.gnu-tools-for-stm32.10.3-2021.10.win32_1.0.100.202210260954/tools/bin/../lib/gcc/arm-none-eabi/10.3.1/thumb/v7e-m+fp/hard\libgcc.a
LOAD c:/st/stm32cubeide_1.10.1/stm32cubeide/plugins/com.st.stm32cube.ide.mcu.externaltools.gnu-tools-for-stm32.10.3-2021.10.win32_1.0.100.202210260954/tools/bin/../lib/gcc/arm-none-eabi/10.3.1/../../../../arm-none-eabi/lib/thumb/v7e-m+fp/hard\libc_nano.a
LOAD c:/st/stm32cubeide_1.10.1/stm32cubeide/plugins/com.st.stm32cube.ide.mcu.externaltools.gnu-tools-for-stm32.10.3-2021.10.win32_1.0.100.202210260954/tools/bin/../lib/gcc/arm-none-eabi/10.3.1/../../../../arm-none-eabi/lib/thumb/v7e-m+fp/hard\libnosys.a
END GROUP
START GROUP
LOAD c:/st/stm32cubeide_1.10.1/stm32cubeide/plugins/com.st.stm32cube.ide.mcu.externaltools.gnu-tools-for-stm32.10.3-2021.10.win32_1.0.100.202210260954/tools/bin/../lib/gcc/arm-none-eabi/10.3.1/thumb/v7e-m+fp/hard\libgcc.a
LOAD c:/st/stm32cubeide_1.10.1/stm32cubeide/plugins/com.st.stm32cube.ide.mcu.externaltools.gnu-tools-for-stm32.10.3-2021.10.win32_1.0.100.202210260954/tools/bin/../lib/gcc/arm-none-eabi/10.3.1/../../../../arm-none-eabi/lib/thumb/v7e-m+fp/hard\libc_nano.a
LOAD c:/st/stm32cubeide_1.10.1/stm32cubeide/plugins/com.st.stm32cube.ide.mcu.externaltools.gnu-tools-for-stm32.10.3-2021.10.win32_1.0.100.202210260954/tools/bin/../lib/gcc/arm-none-eabi/10.3.1/../../../../arm-none-eabi/lib/thumb/v7e-m+fp/hard\libnosys.a
END GROUP
LOAD c:/st/stm32cubeide_1.10.1/stm32cubeide/plugins/com.st.stm32cube.ide.mcu.externaltools.gnu-tools-for-stm32.10.3-2021.10.win32_1.0.100.202210260954/tools/bin/../lib/gcc/arm-none-eabi/10.3.1/thumb/v7e-m+fp/hard/crtend.o
LOAD c:/st/stm32cubeide_1.10.1/stm32cubeide/plugins/com.st.stm32cube.ide.mcu.externaltools.gnu-tools-for-stm32.10.3-2021.10.win32_1.0.100.202210260954/tools/bin/../lib/gcc/arm-none-eabi/10.3.1/thumb/v7e-m+fp/hard/crtn.o
                0x0000000020018000                _estack = (ORIGIN (RAM) + LENGTH (RAM))
                0x0000000000000200                _Min_Heap_Size = 0x200
                0x0000000000000400                _Min_Stack_Size = 0x400

.isr_vector     0x0000000008000000      0x194
                0x0000000008000000                . = ALIGN (0x4)
 *(.isr_vector)
 .isr_vector    0x0000000008000000      0x194 ./Startup/startup_stm32f401retx.o
                0x0000000008000000                g_pfnVectors
                0x0000000008000194                . = ALIGN (0x4)

.text           0x00000000080001a0     0x6e30
                0x00000000080001a0                . = ALIGN (0x4)
 *(.text)
 .text          0x00000000080001a0       0x40 c:/st/stm32cubeide_1.10.1/stm32cubeide/plugins/com.st.stm32cube.ide.mcu.externaltools.gnu-tools-for-stm32.10.3-2021.10.win32_1.0.100.202210260954/tools/bin/../lib/gcc/arm-none-eabi/10.3.1/thumb/v7e-m+fp/hard/crtbegin.o
 .text          0x00000000080001e0       0xa0 c:/st/stm32cubeide_1.10.1/stm32cubeide/plugins/com.st.stm32cube.ide.mcu.externaltools.gnu-tools-for-stm32.10.3-2021.10.win32_1.0.100.202210260954/tools/bin/../lib/gcc/arm-none-eabi/10.3.1/../../../../arm-none-eabi/lib/thumb/v7e-m+fp/hard\libc_nano.a(lib_a-memchr.o)
                0x00000000080001e0                memchr
 *(.text*)
 .text.USART2_Init
                0x0000000008000280       0xb8 ./Src/main.o
                0x0000000008000280                USART2_Init
 .text.USART2_Custom_IRQHandler
                0x0000000008000338       0x44 ./Src/main.o
                0x0000000008000338                USART2_Custom_IRQHandler
 .text.Serial_Init1
                0x000000000800037c       0x24 ./Src/main.o
                0x000000000800037c                Serial_Init1
 .text.PollRxBuff
                0x00000000080003a0      0x108 ./Src/main.o
                0x00000000080003a0                PollRxBuff
 .text.check_data_transmis
                0x00000000080004a8      0x178 ./Src/main.o
 .text.sendData_toHost
                0x0000000008000620       0xc0 ./Src/main.o
                0x0000000008000620                sendData_toHost
 .text.tempHum_Scan
                0x00000000080006e0       0xc8 ./Src/main.o
                0x00000000080006e0                tempHum_Scan
 .text.light_Scan
                0x00000000080007a8       0x50 ./Src/main.o
                0x00000000080007a8                light_Scan
 .text.Task_multiSensorScan
                0x00000000080007f8       0x7c ./Src/main.o
                0x00000000080007f8                Task_multiSensorScan
 .text.processSerialReceiver1
                0x0000000008000874       0x7c ./Src/main.o
                0x0000000008000874                processSerialReceiver1
 .text.LED_PacketRespond
                0x00000000080008f0       0xd0 ./Src/main.o
                0x00000000080008f0                LED_PacketRespond
 .text.Buzzer_PacketRespond
                0x00000000080009c0       0x9c ./Src/main.o
                0x00000000080009c0                Buzzer_PacketRespond
 .text.AppInitCommon
                0x0000000008000a5c       0x70 ./Src/main.o
                0x0000000008000a5c                AppInitCommon
 .text.main     0x0000000008000acc       0x1a ./Src/main.o
                0x0000000008000acc                main
 .text._read    0x0000000008000ae6       0x3a ./Src/syscalls.o
                0x0000000008000ae6                _read
 .text._write   0x0000000008000b20       0x38 ./Src/syscalls.o
                0x0000000008000b20                _write
 .text._close   0x0000000008000b58       0x18 ./Src/syscalls.o
                0x0000000008000b58                _close
 .text._fstat   0x0000000008000b70       0x20 ./Src/syscalls.o
                0x0000000008000b70                _fstat
 .text._isatty  0x0000000008000b90       0x16 ./Src/syscalls.o
                0x0000000008000b90                _isatty
 .text._lseek   0x0000000008000ba6       0x1a ./Src/syscalls.o
                0x0000000008000ba6                _lseek
 .text._sbrk    0x0000000008000bc0       0x6c ./Src/sysmem.o
                0x0000000008000bc0                _sbrk
 .text.Reset_Handler
                0x0000000008000c2c       0x50 ./Startup/startup_stm32f401retx.o
                0x0000000008000c2c                Reset_Handler
 .text.Default_Handler
                0x0000000008000c7c        0x2 ./Startup/startup_stm32f401retx.o
                0x0000000008000c7c                EXTI2_IRQHandler
                0x0000000008000c7c                DebugMon_Handler
                0x0000000008000c7c                SPI4_IRQHandler
                0x0000000008000c7c                TIM1_CC_IRQHandler
                0x0000000008000c7c                HardFault_Handler
                0x0000000008000c7c                SDIO_IRQHandler
                0x0000000008000c7c                TAMP_STAMP_IRQHandler
                0x0000000008000c7c                PendSV_Handler
                0x0000000008000c7c                NMI_Handler
                0x0000000008000c7c                EXTI3_IRQHandler
                0x0000000008000c7c                TIM1_UP_TIM10_IRQHandler
                0x0000000008000c7c                I2C3_ER_IRQHandler
                0x0000000008000c7c                EXTI18_OTG_FS_WKUP_IRQHandler
                0x0000000008000c7c                EXTI0_IRQHandler
                0x0000000008000c7c                I2C2_EV_IRQHandler
                0x0000000008000c7c                FPU_IRQHandler
                0x0000000008000c7c                UsageFault_Handler
                0x0000000008000c7c                SPI1_IRQHandler
                0x0000000008000c7c                TIM1_BRK_TIM9_IRQHandler
                0x0000000008000c7c                USART6_IRQHandler
                0x0000000008000c7c                TIM4_IRQHandler
                0x0000000008000c7c                I2C1_EV_IRQHandler
                0x0000000008000c7c                TIM3_IRQHandler
                0x0000000008000c7c                RCC_IRQHandler
                0x0000000008000c7c                Default_Handler
                0x0000000008000c7c                EXTI15_10_IRQHandler
                0x0000000008000c7c                ADC_IRQHandler
                0x0000000008000c7c                TIM5_IRQHandler
                0x0000000008000c7c                I2C3_EV_IRQHandler
                0x0000000008000c7c                EXTI9_5_IRQHandler
                0x0000000008000c7c                SPI2_IRQHandler
                0x0000000008000c7c                MemManage_Handler
                0x0000000008000c7c                SVC_Handler
                0x0000000008000c7c                EXTI4_IRQHandler
                0x0000000008000c7c                EXTI22_RTC_WKUP_IRQHandler
                0x0000000008000c7c                TIM2_IRQHandler
                0x0000000008000c7c                EXTI16_PVD_IRQHandler
                0x0000000008000c7c                TIM1_TRG_COM_TIM11_IRQHandler
                0x0000000008000c7c                EXTI1_IRQHandler
                0x0000000008000c7c                EXTI17_RTC_Alarm_IRQHandler
                0x0000000008000c7c                I2C2_ER_IRQHandler
                0x0000000008000c7c                FLASH_IRQHandler
                0x0000000008000c7c                BusFault_Handler
                0x0000000008000c7c                USART1_IRQHandler
                0x0000000008000c7c                OTG_FS_IRQHandler
                0x0000000008000c7c                SPI3_IRQHandler
                0x0000000008000c7c                I2C1_ER_IRQHandler
 *fill*         0x0000000008000c7e        0x2 
 .text.SystemInit
                0x0000000008000c80       0x6c D:\Lap Trinh\lap trinh\embedded\SDK_1.0.3_NUCLEO-F401RE\lib_stm\libLibraries.a(system_stm32f4xx.o)
                0x0000000008000c80                SystemInit
 .text.SystemCoreClockUpdate
                0x0000000008000cec       0xf8 D:\Lap Trinh\lap trinh\embedded\SDK_1.0.3_NUCLEO-F401RE\lib_stm\libLibraries.a(system_stm32f4xx.o)
                0x0000000008000cec                SystemCoreClockUpdate
 .text.SetSysClock
                0x0000000008000de4       0xa0 D:\Lap Trinh\lap trinh\embedded\SDK_1.0.3_NUCLEO-F401RE\lib_stm\libLibraries.a(system_stm32f4xx.o)
 .text.NVIC_PriorityGroupConfig
                0x0000000008000e84       0x28 D:\Lap Trinh\lap trinh\embedded\SDK_1.0.3_NUCLEO-F401RE\lib_stm\libLibraries.a(misc.o)
                0x0000000008000e84                NVIC_PriorityGroupConfig
 .text.NVIC_Init
                0x0000000008000eac       0xc4 D:\Lap Trinh\lap trinh\embedded\SDK_1.0.3_NUCLEO-F401RE\lib_stm\libLibraries.a(misc.o)
                0x0000000008000eac                NVIC_Init
 .text.GPIO_Init
                0x0000000008000f70      0x11c D:\Lap Trinh\lap trinh\embedded\SDK_1.0.3_NUCLEO-F401RE\lib_stm\libLibraries.a(stm32f401re_gpio.o)
                0x0000000008000f70                GPIO_Init
 .text.GPIO_SetBits
                0x000000000800108c       0x1e D:\Lap Trinh\lap trinh\embedded\SDK_1.0.3_NUCLEO-F401RE\lib_stm\libLibraries.a(stm32f401re_gpio.o)
                0x000000000800108c                GPIO_SetBits
 .text.GPIO_ResetBits
                0x00000000080010aa       0x1e D:\Lap Trinh\lap trinh\embedded\SDK_1.0.3_NUCLEO-F401RE\lib_stm\libLibraries.a(stm32f401re_gpio.o)
                0x00000000080010aa                GPIO_ResetBits
 .text.GPIO_WriteBit
                0x00000000080010c8       0x30 D:\Lap Trinh\lap trinh\embedded\SDK_1.0.3_NUCLEO-F401RE\lib_stm\libLibraries.a(stm32f401re_gpio.o)
                0x00000000080010c8                GPIO_WriteBit
 .text.GPIO_PinAFConfig
                0x00000000080010f8       0x92 D:\Lap Trinh\lap trinh\embedded\SDK_1.0.3_NUCLEO-F401RE\lib_stm\libLibraries.a(stm32f401re_gpio.o)
                0x00000000080010f8                GPIO_PinAFConfig
 *fill*         0x000000000800118a        0x2 
 .text.RCC_GetClocksFreq
                0x000000000800118c      0x150 D:\Lap Trinh\lap trinh\embedded\SDK_1.0.3_NUCLEO-F401RE\lib_stm\libLibraries.a(stm32f401re_rcc.o)
                0x000000000800118c                RCC_GetClocksFreq
 .text.RCC_AHB1PeriphClockCmd
                0x00000000080012dc       0x40 D:\Lap Trinh\lap trinh\embedded\SDK_1.0.3_NUCLEO-F401RE\lib_stm\libLibraries.a(stm32f401re_rcc.o)
                0x00000000080012dc                RCC_AHB1PeriphClockCmd
 .text.RCC_APB1PeriphClockCmd
                0x000000000800131c       0x40 D:\Lap Trinh\lap trinh\embedded\SDK_1.0.3_NUCLEO-F401RE\lib_stm\libLibraries.a(stm32f401re_rcc.o)
                0x000000000800131c                RCC_APB1PeriphClockCmd
 .text.RCC_APB2PeriphClockCmd
                0x000000000800135c       0x40 D:\Lap Trinh\lap trinh\embedded\SDK_1.0.3_NUCLEO-F401RE\lib_stm\libLibraries.a(stm32f401re_rcc.o)
                0x000000000800135c                RCC_APB2PeriphClockCmd
 .text.RCC_APB2PeriphResetCmd
                0x000000000800139c       0x40 D:\Lap Trinh\lap trinh\embedded\SDK_1.0.3_NUCLEO-F401RE\lib_stm\libLibraries.a(stm32f401re_rcc.o)
                0x000000000800139c                RCC_APB2PeriphResetCmd
 .text.USART_Init
                0x00000000080013dc      0x174 D:\Lap Trinh\lap trinh\embedded\SDK_1.0.3_NUCLEO-F401RE\lib_stm\libLibraries.a(stm32f401re_usart.o)
                0x00000000080013dc                USART_Init
 .text.USART_Cmd
                0x0000000008001550       0x40 D:\Lap Trinh\lap trinh\embedded\SDK_1.0.3_NUCLEO-F401RE\lib_stm\libLibraries.a(stm32f401re_usart.o)
                0x0000000008001550                USART_Cmd
 .text.USART_SendData
                0x0000000008001590       0x24 D:\Lap Trinh\lap trinh\embedded\SDK_1.0.3_NUCLEO-F401RE\lib_stm\libLibraries.a(stm32f401re_usart.o)
                0x0000000008001590                USART_SendData
 .text.USART_ReceiveData
                0x00000000080015b4       0x20 D:\Lap Trinh\lap trinh\embedded\SDK_1.0.3_NUCLEO-F401RE\lib_stm\libLibraries.a(stm32f401re_usart.o)
                0x00000000080015b4                USART_ReceiveData
 .text.USART_ITConfig
                0x00000000080015d4       0x90 D:\Lap Trinh\lap trinh\embedded\SDK_1.0.3_NUCLEO-F401RE\lib_stm\libLibraries.a(stm32f401re_usart.o)
                0x00000000080015d4                USART_ITConfig
 .text.USART_GetFlagStatus
                0x0000000008001664       0x38 D:\Lap Trinh\lap trinh\embedded\SDK_1.0.3_NUCLEO-F401RE\lib_stm\libLibraries.a(stm32f401re_usart.o)
                0x0000000008001664                USART_GetFlagStatus
 .text.USART_GetITStatus
                0x000000000800169c       0xb6 D:\Lap Trinh\lap trinh\embedded\SDK_1.0.3_NUCLEO-F401RE\lib_stm\libLibraries.a(stm32f401re_usart.o)
                0x000000000800169c                USART_GetITStatus
 .text.USART_ClearITPendingBit
                0x0000000008001752       0x3a D:\Lap Trinh\lap trinh\embedded\SDK_1.0.3_NUCLEO-F401RE\lib_stm\libLibraries.a(stm32f401re_usart.o)
                0x0000000008001752                USART_ClearITPendingBit
 .text.BuzzerControl_Init
                0x000000000800178c       0x2c D:\Lap Trinh\lap trinh\embedded\SDK_1.0.3_NUCLEO-F401RE\lib_stm\libLibraries.a(buzzer.o)
                0x000000000800178c                BuzzerControl_Init
 .text.BuzzOff  0x00000000080017b8       0x58 D:\Lap Trinh\lap trinh\embedded\SDK_1.0.3_NUCLEO-F401RE\lib_stm\libLibraries.a(buzzer.o)
 .text.BuzzPlay
                0x0000000008001810       0x98 D:\Lap Trinh\lap trinh\embedded\SDK_1.0.3_NUCLEO-F401RE\lib_stm\libLibraries.a(buzzer.o)
 .text.BuzzerControl_SetMelody
                0x00000000080018a8       0x3c D:\Lap Trinh\lap trinh\embedded\SDK_1.0.3_NUCLEO-F401RE\lib_stm\libLibraries.a(buzzer.o)
                0x00000000080018a8                BuzzerControl_SetMelody
 .text.BUZZTIM_InitTimer
                0x00000000080018e4       0x50 D:\Lap Trinh\lap trinh\embedded\SDK_1.0.3_NUCLEO-F401RE\lib_stm\libLibraries.a(buzzer.o)
 .text.BUZZTIM_InitPWMChannel
                0x0000000008001934       0x90 D:\Lap Trinh\lap trinh\embedded\SDK_1.0.3_NUCLEO-F401RE\lib_stm\libLibraries.a(buzzer.o)
 .text.BuzzerControl_SetDutyCycle
                0x00000000080019c4       0x3c D:\Lap Trinh\lap trinh\embedded\SDK_1.0.3_NUCLEO-F401RE\lib_stm\libLibraries.a(buzzer.o)
                0x00000000080019c4                BuzzerControl_SetDutyCycle
 .text.BuzzerControl_SetPreriod
                0x0000000008001a00       0x20 D:\Lap Trinh\lap trinh\embedded\SDK_1.0.3_NUCLEO-F401RE\lib_stm\libLibraries.a(buzzer.o)
                0x0000000008001a00                BuzzerControl_SetPreriod
 .text.LedControl_Init
                0x0000000008001a20       0x10 D:\Lap Trinh\lap trinh\embedded\SDK_1.0.3_NUCLEO-F401RE\lib_stm\libLibraries.a(led.o)
                0x0000000008001a20                LedControl_Init
 .text.LedControl_SetColorIndividual
                0x0000000008001a30       0xf8 D:\Lap Trinh\lap trinh\embedded\SDK_1.0.3_NUCLEO-F401RE\lib_stm\libLibraries.a(led.o)
                0x0000000008001a30                LedControl_SetColorIndividual
 .text.LedControl_SetColorGeneral
                0x0000000008001b28      0x128 D:\Lap Trinh\lap trinh\embedded\SDK_1.0.3_NUCLEO-F401RE\lib_stm\libLibraries.a(led.o)
                0x0000000008001b28                LedControl_SetColorGeneral
 .text.LEDGPIO_Config
                0x0000000008001c50       0x94 D:\Lap Trinh\lap trinh\embedded\SDK_1.0.3_NUCLEO-F401RE\lib_stm\libLibraries.a(led.o)
 .text.LEDTIM_Config
                0x0000000008001ce4       0xec D:\Lap Trinh\lap trinh\embedded\SDK_1.0.3_NUCLEO-F401RE\lib_stm\libLibraries.a(led.o)
 .text.processEventScheduler
                0x0000000008001dd0       0x38 D:\Lap Trinh\lap trinh\embedded\SDK_1.0.3_NUCLEO-F401RE\lib_stm\libLibraries.a(eventman.o)
                0x0000000008001dd0                processEventScheduler
 .text.NVIC_SetPriority
                0x0000000008001e08       0x54 D:\Lap Trinh\lap trinh\embedded\SDK_1.0.3_NUCLEO-F401RE\lib_stm\libLibraries.a(timer.o)
 .text.SysTick_Config
                0x0000000008001e5c       0x44 D:\Lap Trinh\lap trinh\embedded\SDK_1.0.3_NUCLEO-F401RE\lib_stm\libLibraries.a(timer.o)
 .text.TimerInit
                0x0000000008001ea0       0x44 D:\Lap Trinh\lap trinh\embedded\SDK_1.0.3_NUCLEO-F401RE\lib_stm\libLibraries.a(timer.o)
                0x0000000008001ea0                TimerInit
 .text.TimerStart
                0x0000000008001ee4       0xc4 D:\Lap Trinh\lap trinh\embedded\SDK_1.0.3_NUCLEO-F401RE\lib_stm\libLibraries.a(timer.o)
                0x0000000008001ee4                TimerStart
 .text.TimerChangePeriod
                0x0000000008001fa8       0x38 D:\Lap Trinh\lap trinh\embedded\SDK_1.0.3_NUCLEO-F401RE\lib_stm\libLibraries.a(timer.o)
                0x0000000008001fa8                TimerChangePeriod
 .text.TimerStop
                0x0000000008001fe0       0xa0 D:\Lap Trinh\lap trinh\embedded\SDK_1.0.3_NUCLEO-F401RE\lib_stm\libLibraries.a(timer.o)
                0x0000000008001fe0                TimerStop
 .text.GetMilSecTick
                0x0000000008002080       0x18 D:\Lap Trinh\lap trinh\embedded\SDK_1.0.3_NUCLEO-F401RE\lib_stm\libLibraries.a(timer.o)
                0x0000000008002080                GetMilSecTick
 .text.processTimerScheduler
                0x0000000008002098       0xf0 D:\Lap Trinh\lap trinh\embedded\SDK_1.0.3_NUCLEO-F401RE\lib_stm\libLibraries.a(timer.o)
                0x0000000008002098                processTimerScheduler
 .text.TimeExpired
                0x0000000008002188       0xcc D:\Lap Trinh\lap trinh\embedded\SDK_1.0.3_NUCLEO-F401RE\lib_stm\libLibraries.a(timer.o)
 .text.SysTick_Handler
                0x0000000008002254       0x1c D:\Lap Trinh\lap trinh\embedded\SDK_1.0.3_NUCLEO-F401RE\lib_stm\libLibraries.a(timer.o)
                0x0000000008002254                SysTick_Handler
 .text.LightSensor_Init
                0x0000000008002270      0x160 D:\Lap Trinh\lap trinh\embedded\SDK_1.0.3_NUCLEO-F401RE\lib_stm\libLibraries.a(lightsensor.o)
                0x0000000008002270                LightSensor_Init
 .text.LightSensor_MeasureUsePollingMode
                0x00000000080023d0       0x38 D:\Lap Trinh\lap trinh\embedded\SDK_1.0.3_NUCLEO-F401RE\lib_stm\libLibraries.a(lightsensor.o)
                0x00000000080023d0                LightSensor_MeasureUsePollingMode
 .text.TemHumSensor_Init
                0x0000000008002408        0xc D:\Lap Trinh\lap trinh\embedded\SDK_1.0.3_NUCLEO-F401RE\lib_stm\libLibraries.a(temhumsensor.o)
                0x0000000008002408                TemHumSensor_Init
 .text.TemHumSensor_GetTemp
                0x0000000008002414       0x7c D:\Lap Trinh\lap trinh\embedded\SDK_1.0.3_NUCLEO-F401RE\lib_stm\libLibraries.a(temhumsensor.o)
                0x0000000008002414                TemHumSensor_GetTemp
 .text.TemHumSensor_GetHumi
                0x0000000008002490       0x78 D:\Lap Trinh\lap trinh\embedded\SDK_1.0.3_NUCLEO-F401RE\lib_stm\libLibraries.a(temhumsensor.o)
                0x0000000008002490                TemHumSensor_GetHumi
 .text.CalculateCRC8
                0x0000000008002508       0x86 D:\Lap Trinh\lap trinh\embedded\SDK_1.0.3_NUCLEO-F401RE\lib_stm\libLibraries.a(temhumsensor.o)
 *fill*         0x000000000800258e        0x2 
 .text.i2c_config
                0x0000000008002590       0x94 D:\Lap Trinh\lap trinh\embedded\SDK_1.0.3_NUCLEO-F401RE\lib_stm\libLibraries.a(temhumsensor.o)
                0x0000000008002590                i2c_config
 .text.i2c_read_reg_expand
                0x0000000008002624       0xac D:\Lap Trinh\lap trinh\embedded\SDK_1.0.3_NUCLEO-F401RE\lib_stm\libLibraries.a(temhumsensor.o)
                0x0000000008002624                i2c_read_reg_expand
 .text.i2c_start
                0x00000000080026d0       0x3c D:\Lap Trinh\lap trinh\embedded\SDK_1.0.3_NUCLEO-F401RE\lib_stm\libLibraries.a(temhumsensor.o)
                0x00000000080026d0                i2c_start
 .text.i2c_stop
                0x000000000800270c       0x14 D:\Lap Trinh\lap trinh\embedded\SDK_1.0.3_NUCLEO-F401RE\lib_stm\libLibraries.a(temhumsensor.o)
                0x000000000800270c                i2c_stop
 .text.i2c_address_direction
                0x0000000008002720       0x60 D:\Lap Trinh\lap trinh\embedded\SDK_1.0.3_NUCLEO-F401RE\lib_stm\libLibraries.a(temhumsensor.o)
                0x0000000008002720                i2c_address_direction
 .text.i2c_transmit
                0x0000000008002780       0x34 D:\Lap Trinh\lap trinh\embedded\SDK_1.0.3_NUCLEO-F401RE\lib_stm\libLibraries.a(temhumsensor.o)
                0x0000000008002780                i2c_transmit
 .text.i2c_receive_ack
                0x00000000080027b4       0x30 D:\Lap Trinh\lap trinh\embedded\SDK_1.0.3_NUCLEO-F401RE\lib_stm\libLibraries.a(temhumsensor.o)
                0x00000000080027b4                i2c_receive_ack
 .text.i2c_receive_nack
                0x00000000080027e4       0x30 D:\Lap Trinh\lap trinh\embedded\SDK_1.0.3_NUCLEO-F401RE\lib_stm\libLibraries.a(temhumsensor.o)
                0x00000000080027e4                i2c_receive_nack
 .text.delayMicroseconds
                0x0000000008002814       0x14 D:\Lap Trinh\lap trinh\embedded\SDK_1.0.3_NUCLEO-F401RE\lib_stm\libLibraries.a(Ucglib.o)
 .text.ucg_gpio_init
                0x0000000008002828       0x60 D:\Lap Trinh\lap trinh\embedded\SDK_1.0.3_NUCLEO-F401RE\lib_stm\libLibraries.a(Ucglib.o)
 .text.ucg_com_arduino_send_generic_SW_SPI
                0x0000000008002888       0x74 D:\Lap Trinh\lap trinh\embedded\SDK_1.0.3_NUCLEO-F401RE\lib_stm\libLibraries.a(Ucglib.o)
 .text.ucg_com_arduino_generic_SW_SPI
                0x00000000080028fc      0x1ec D:\Lap Trinh\lap trinh\embedded\SDK_1.0.3_NUCLEO-F401RE\lib_stm\libLibraries.a(Ucglib.o)
 .text.Ucglib4WireSWSPI_begin
                0x0000000008002ae8       0x38 D:\Lap Trinh\lap trinh\embedded\SDK_1.0.3_NUCLEO-F401RE\lib_stm\libLibraries.a(Ucglib.o)
                0x0000000008002ae8                Ucglib4WireSWSPI_begin
 .text.ucg_DrawBox
                0x0000000008002b20       0x56 D:\Lap Trinh\lap trinh\embedded\SDK_1.0.3_NUCLEO-F401RE\lib_stm\libLibraries.a(ucg_box.o)
                0x0000000008002b20                ucg_DrawBox
 .text.ucg_ClearScreen
                0x0000000008002b76       0x50 D:\Lap Trinh\lap trinh\embedded\SDK_1.0.3_NUCLEO-F401RE\lib_stm\libLibraries.a(ucg_box.o)
                0x0000000008002b76                ucg_ClearScreen
 .text.ucg_ccs_init
                0x0000000008002bc6       0xc0 D:\Lap Trinh\lap trinh\embedded\SDK_1.0.3_NUCLEO-F401RE\lib_stm\libLibraries.a(ucg_ccs.o)
                0x0000000008002bc6                ucg_ccs_init
 .text.ucg_ccs_step
                0x0000000008002c86       0x80 D:\Lap Trinh\lap trinh\embedded\SDK_1.0.3_NUCLEO-F401RE\lib_stm\libLibraries.a(ucg_ccs.o)
                0x0000000008002c86                ucg_ccs_step
 .text.ucg_ccs_seek
                0x0000000008002d06       0xca D:\Lap Trinh\lap trinh\embedded\SDK_1.0.3_NUCLEO-F401RE\lib_stm\libLibraries.a(ucg_ccs.o)
                0x0000000008002d06                ucg_ccs_seek
 .text.ucg_dev_default_cb
                0x0000000008002dd0       0x44 D:\Lap Trinh\lap trinh\embedded\SDK_1.0.3_NUCLEO-F401RE\lib_stm\libLibraries.a(ucg_dev_default_cb.o)
                0x0000000008002dd0                ucg_dev_default_cb
 .text.ucg_ext_none
                0x0000000008002e14       0x1c D:\Lap Trinh\lap trinh\embedded\SDK_1.0.3_NUCLEO-F401RE\lib_stm\libLibraries.a(ucg_dev_default_cb.o)
                0x0000000008002e14                ucg_ext_none
 .text.ucg_handle_st7735_l90fx
                0x0000000008002e30       0xd8 D:\Lap Trinh\lap trinh\embedded\SDK_1.0.3_NUCLEO-F401RE\lib_stm\libLibraries.a(ucg_dev_ic_st7735.o)
                0x0000000008002e30                ucg_handle_st7735_l90fx
 .text.ucg_handle_st7735_l90se
                0x0000000008002f08      0x154 D:\Lap Trinh\lap trinh\embedded\SDK_1.0.3_NUCLEO-F401RE\lib_stm\libLibraries.a(ucg_dev_ic_st7735.o)
                0x0000000008002f08                ucg_handle_st7735_l90se
 .text.ucg_dev_ic_st7735_18
                0x000000000800305c       0xf8 D:\Lap Trinh\lap trinh\embedded\SDK_1.0.3_NUCLEO-F401RE\lib_stm\libLibraries.a(ucg_dev_ic_st7735.o)
                0x000000000800305c                ucg_dev_ic_st7735_18
 .text.ucg_ext_st7735_18
                0x0000000008003154       0x28 D:\Lap Trinh\lap trinh\embedded\SDK_1.0.3_NUCLEO-F401RE\lib_stm\libLibraries.a(ucg_dev_ic_st7735.o)
                0x0000000008003154                ucg_ext_st7735_18
 .text.ucg_PowerDown
                0x000000000800317c       0x34 D:\Lap Trinh\lap trinh\embedded\SDK_1.0.3_NUCLEO-F401RE\lib_stm\libLibraries.a(ucg_dev_msg_api.o)
                0x000000000800317c                ucg_PowerDown
 .text.ucg_PowerUp
                0x00000000080031b0       0x3c D:\Lap Trinh\lap trinh\embedded\SDK_1.0.3_NUCLEO-F401RE\lib_stm\libLibraries.a(ucg_dev_msg_api.o)
                0x00000000080031b0                ucg_PowerUp
 .text.ucg_SetClipBox
                0x00000000080031ec       0x1e D:\Lap Trinh\lap trinh\embedded\SDK_1.0.3_NUCLEO-F401RE\lib_stm\libLibraries.a(ucg_dev_msg_api.o)
                0x00000000080031ec                ucg_SetClipBox
 .text.ucg_SetMaxClipRange
                0x000000000800320a       0x30 D:\Lap Trinh\lap trinh\embedded\SDK_1.0.3_NUCLEO-F401RE\lib_stm\libLibraries.a(ucg_dev_msg_api.o)
                0x000000000800320a                ucg_SetMaxClipRange
 .text.ucg_GetDimension
                0x000000000800323a       0x24 D:\Lap Trinh\lap trinh\embedded\SDK_1.0.3_NUCLEO-F401RE\lib_stm\libLibraries.a(ucg_dev_msg_api.o)
                0x000000000800323a                ucg_GetDimension
 .text.ucg_DrawL90FXWithArg
                0x000000000800325e       0x1e D:\Lap Trinh\lap trinh\embedded\SDK_1.0.3_NUCLEO-F401RE\lib_stm\libLibraries.a(ucg_dev_msg_api.o)
                0x000000000800325e                ucg_DrawL90FXWithArg
 .text.ucg_dev_st7735_18x128x128
                0x000000000800327c       0x80 D:\Lap Trinh\lap trinh\embedded\SDK_1.0.3_NUCLEO-F401RE\lib_stm\libLibraries.a(ucg_dev_tft_128x128_st7735.o)
                0x000000000800327c                ucg_dev_st7735_18x128x128
 .text.ucg_font_get_byte
                0x00000000080032fc       0x24 D:\Lap Trinh\lap trinh\embedded\SDK_1.0.3_NUCLEO-F401RE\lib_stm\libLibraries.a(ucg_font.o)
 .text.ucg_font_get_word
                0x0000000008003320       0x40 D:\Lap Trinh\lap trinh\embedded\SDK_1.0.3_NUCLEO-F401RE\lib_stm\libLibraries.a(ucg_font.o)
 .text.ucg_read_font_info
                0x0000000008003360      0x142 D:\Lap Trinh\lap trinh\embedded\SDK_1.0.3_NUCLEO-F401RE\lib_stm\libLibraries.a(ucg_font.o)
                0x0000000008003360                ucg_read_font_info
 .text.ucg_font_decode_get_unsigned_bits
                0x00000000080034a2       0x96 D:\Lap Trinh\lap trinh\embedded\SDK_1.0.3_NUCLEO-F401RE\lib_stm\libLibraries.a(ucg_font.o)
                0x00000000080034a2                ucg_font_decode_get_unsigned_bits
 .text.ucg_font_decode_get_signed_bits
                0x0000000008003538       0x46 D:\Lap Trinh\lap trinh\embedded\SDK_1.0.3_NUCLEO-F401RE\lib_stm\libLibraries.a(ucg_font.o)
                0x0000000008003538                ucg_font_decode_get_signed_bits
 .text.ucg_add_vector_y
                0x000000000800357e       0x7a D:\Lap Trinh\lap trinh\embedded\SDK_1.0.3_NUCLEO-F401RE\lib_stm\libLibraries.a(ucg_font.o)
 .text.ucg_add_vector_x
                0x00000000080035f8       0x7a D:\Lap Trinh\lap trinh\embedded\SDK_1.0.3_NUCLEO-F401RE\lib_stm\libLibraries.a(ucg_font.o)
 .text.ucg_font_decode_len
                0x0000000008003672      0x118 D:\Lap Trinh\lap trinh\embedded\SDK_1.0.3_NUCLEO-F401RE\lib_stm\libLibraries.a(ucg_font.o)
                0x0000000008003672                ucg_font_decode_len
 .text.ucg_font_setup_decode
                0x000000000800378a       0x64 D:\Lap Trinh\lap trinh\embedded\SDK_1.0.3_NUCLEO-F401RE\lib_stm\libLibraries.a(ucg_font.o)
 .text.ucg_font_decode_glyph
                0x00000000080037ee      0x14c D:\Lap Trinh\lap trinh\embedded\SDK_1.0.3_NUCLEO-F401RE\lib_stm\libLibraries.a(ucg_font.o)
                0x00000000080037ee                ucg_font_decode_glyph
 .text.ucg_font_get_glyph_data
                0x000000000800393a       0x7a D:\Lap Trinh\lap trinh\embedded\SDK_1.0.3_NUCLEO-F401RE\lib_stm\libLibraries.a(ucg_font.o)
                0x000000000800393a                ucg_font_get_glyph_data
 .text.ucg_font_draw_glyph
                0x00000000080039b4       0x62 D:\Lap Trinh\lap trinh\embedded\SDK_1.0.3_NUCLEO-F401RE\lib_stm\libLibraries.a(ucg_font.o)
                0x00000000080039b4                ucg_font_draw_glyph
 .text.ucg_SetFontMode
                0x0000000008003a16       0x20 D:\Lap Trinh\lap trinh\embedded\SDK_1.0.3_NUCLEO-F401RE\lib_stm\libLibraries.a(ucg_font.o)
                0x0000000008003a16                ucg_SetFontMode
 *fill*         0x0000000008003a36        0x2 
 .text.ucg_DrawGlyph
                0x0000000008003a38       0xb0 D:\Lap Trinh\lap trinh\embedded\SDK_1.0.3_NUCLEO-F401RE\lib_stm\libLibraries.a(ucg_font.o)
                0x0000000008003a38                ucg_DrawGlyph
 .text.task_drawString
                0x0000000008003ae8      0x138 D:\Lap Trinh\lap trinh\embedded\SDK_1.0.3_NUCLEO-F401RE\lib_stm\libLibraries.a(ucg_font.o)
                0x0000000008003ae8                task_drawString
 .text.ucg_DrawString
                0x0000000008003c20       0x78 D:\Lap Trinh\lap trinh\embedded\SDK_1.0.3_NUCLEO-F401RE\lib_stm\libLibraries.a(ucg_font.o)
                0x0000000008003c20                ucg_DrawString
 .text.ucg_UpdateRefHeight
                0x0000000008003c98       0xd8 D:\Lap Trinh\lap trinh\embedded\SDK_1.0.3_NUCLEO-F401RE\lib_stm\libLibraries.a(ucg_font.o)
                0x0000000008003c98                ucg_UpdateRefHeight
 .text.ucg_font_calc_vref_font
                0x0000000008003d70       0x16 D:\Lap Trinh\lap trinh\embedded\SDK_1.0.3_NUCLEO-F401RE\lib_stm\libLibraries.a(ucg_font.o)
                0x0000000008003d70                ucg_font_calc_vref_font
 *fill*         0x0000000008003d86        0x2 
 .text.ucg_SetFontPosBaseline
                0x0000000008003d88       0x20 D:\Lap Trinh\lap trinh\embedded\SDK_1.0.3_NUCLEO-F401RE\lib_stm\libLibraries.a(ucg_font.o)
                0x0000000008003d88                ucg_SetFontPosBaseline
 .text.ucg_SetFont
                0x0000000008003da8       0x4c D:\Lap Trinh\lap trinh\embedded\SDK_1.0.3_NUCLEO-F401RE\lib_stm\libLibraries.a(ucg_font.o)
                0x0000000008003da8                ucg_SetFont
 .text.ucg_init_struct
                0x0000000008003df4       0x50 D:\Lap Trinh\lap trinh\embedded\SDK_1.0.3_NUCLEO-F401RE\lib_stm\libLibraries.a(ucg_init.o)
                0x0000000008003df4                ucg_init_struct
 .text.ucg_Init
                0x0000000008003e44       0x5c D:\Lap Trinh\lap trinh\embedded\SDK_1.0.3_NUCLEO-F401RE\lib_stm\libLibraries.a(ucg_init.o)
                0x0000000008003e44                ucg_Init
 .text.ucg_Draw90Line
                0x0000000008003ea0       0x88 D:\Lap Trinh\lap trinh\embedded\SDK_1.0.3_NUCLEO-F401RE\lib_stm\libLibraries.a(ucg_line.o)
                0x0000000008003ea0                ucg_Draw90Line
 .text.ucg_DrawHLine
                0x0000000008003f28       0x3e D:\Lap Trinh\lap trinh\embedded\SDK_1.0.3_NUCLEO-F401RE\lib_stm\libLibraries.a(ucg_line.o)
                0x0000000008003f28                ucg_DrawHLine
 .text.ucg_SetColor
                0x0000000008003f66       0x5c D:\Lap Trinh\lap trinh\embedded\SDK_1.0.3_NUCLEO-F401RE\lib_stm\libLibraries.a(ucg_pixel.o)
                0x0000000008003f66                ucg_SetColor
 .text.ucg_UndoRotate
                0x0000000008003fc2       0x32 D:\Lap Trinh\lap trinh\embedded\SDK_1.0.3_NUCLEO-F401RE\lib_stm\libLibraries.a(ucg_rotate.o)
                0x0000000008003fc2                ucg_UndoRotate
 .text.ucg_rotate_180_xy
                0x0000000008003ff4       0x66 D:\Lap Trinh\lap trinh\embedded\SDK_1.0.3_NUCLEO-F401RE\lib_stm\libLibraries.a(ucg_rotate.o)
 *fill*         0x000000000800405a        0x2 
 .text.ucg_dev_rotate180
                0x000000000800405c      0x100 D:\Lap Trinh\lap trinh\embedded\SDK_1.0.3_NUCLEO-F401RE\lib_stm\libLibraries.a(ucg_rotate.o)
                0x000000000800405c                ucg_dev_rotate180
 .text.ucg_SetRotate180
                0x000000000800415c       0x34 D:\Lap Trinh\lap trinh\embedded\SDK_1.0.3_NUCLEO-F401RE\lib_stm\libLibraries.a(ucg_rotate.o)
                0x000000000800415c                ucg_SetRotate180
 .text.bufInit  0x0000000008004190       0x36 D:\Lap Trinh\lap trinh\embedded\SDK_1.0.3_NUCLEO-F401RE\lib_stm\libLibraries.a(buff.o)
                0x0000000008004190                bufInit
 .text.bufNumItems
                0x00000000080041c6       0x18 D:\Lap Trinh\lap trinh\embedded\SDK_1.0.3_NUCLEO-F401RE\lib_stm\libLibraries.a(buff.o)
                0x00000000080041c6                bufNumItems
 .text.bufIsFull
                0x00000000080041de       0x26 D:\Lap Trinh\lap trinh\embedded\SDK_1.0.3_NUCLEO-F401RE\lib_stm\libLibraries.a(buff.o)
                0x00000000080041de                bufIsFull
 .text.bufIsEmpty
                0x0000000008004204       0x26 D:\Lap Trinh\lap trinh\embedded\SDK_1.0.3_NUCLEO-F401RE\lib_stm\libLibraries.a(buff.o)
                0x0000000008004204                bufIsEmpty
 .text.bufFlush
                0x000000000800422a       0x32 D:\Lap Trinh\lap trinh\embedded\SDK_1.0.3_NUCLEO-F401RE\lib_stm\libLibraries.a(buff.o)
                0x000000000800422a                bufFlush
 .text.bufEnDat
                0x000000000800425c       0x9c D:\Lap Trinh\lap trinh\embedded\SDK_1.0.3_NUCLEO-F401RE\lib_stm\libLibraries.a(buff.o)
                0x000000000800425c                bufEnDat
 .text.bufDeDat
                0x00000000080042f8       0x84 D:\Lap Trinh\lap trinh\embedded\SDK_1.0.3_NUCLEO-F401RE\lib_stm\libLibraries.a(buff.o)
                0x00000000080042f8                bufDeDat
 .text.memsetl  0x000000000800437c       0x32 D:\Lap Trinh\lap trinh\embedded\SDK_1.0.3_NUCLEO-F401RE\lib_stm\libLibraries.a(utilities.o)
                0x000000000800437c                memsetl
 .text.ADC_DeInit
                0x00000000080043ae       0x1c D:\Lap Trinh\lap trinh\embedded\SDK_1.0.3_NUCLEO-F401RE\lib_stm\libLibraries.a(stm32f401re_adc.o)
                0x00000000080043ae                ADC_DeInit
 *fill*         0x00000000080043ca        0x2 
 .text.ADC_Init
                0x00000000080043cc       0xac D:\Lap Trinh\lap trinh\embedded\SDK_1.0.3_NUCLEO-F401RE\lib_stm\libLibraries.a(stm32f401re_adc.o)
                0x00000000080043cc                ADC_Init
 .text.ADC_CommonInit
                0x0000000008004478       0x50 D:\Lap Trinh\lap trinh\embedded\SDK_1.0.3_NUCLEO-F401RE\lib_stm\libLibraries.a(stm32f401re_adc.o)
                0x0000000008004478                ADC_CommonInit
 .text.ADC_Cmd  0x00000000080044c8       0x38 D:\Lap Trinh\lap trinh\embedded\SDK_1.0.3_NUCLEO-F401RE\lib_stm\libLibraries.a(stm32f401re_adc.o)
                0x00000000080044c8                ADC_Cmd
 .text.ADC_RegularChannelConfig
                0x0000000008004500      0x194 D:\Lap Trinh\lap trinh\embedded\SDK_1.0.3_NUCLEO-F401RE\lib_stm\libLibraries.a(stm32f401re_adc.o)
                0x0000000008004500                ADC_RegularChannelConfig
 .text.ADC_SoftwareStartConv
                0x0000000008004694       0x20 D:\Lap Trinh\lap trinh\embedded\SDK_1.0.3_NUCLEO-F401RE\lib_stm\libLibraries.a(stm32f401re_adc.o)
                0x0000000008004694                ADC_SoftwareStartConv
 .text.ADC_EOCOnEachRegularChannelCmd
                0x00000000080046b4       0x38 D:\Lap Trinh\lap trinh\embedded\SDK_1.0.3_NUCLEO-F401RE\lib_stm\libLibraries.a(stm32f401re_adc.o)
                0x00000000080046b4                ADC_EOCOnEachRegularChannelCmd
 .text.ADC_ContinuousModeCmd
                0x00000000080046ec       0x38 D:\Lap Trinh\lap trinh\embedded\SDK_1.0.3_NUCLEO-F401RE\lib_stm\libLibraries.a(stm32f401re_adc.o)
                0x00000000080046ec                ADC_ContinuousModeCmd
 .text.ADC_DiscModeChannelCountConfig
                0x0000000008004724       0x44 D:\Lap Trinh\lap trinh\embedded\SDK_1.0.3_NUCLEO-F401RE\lib_stm\libLibraries.a(stm32f401re_adc.o)
                0x0000000008004724                ADC_DiscModeChannelCountConfig
 .text.ADC_DiscModeCmd
                0x0000000008004768       0x38 D:\Lap Trinh\lap trinh\embedded\SDK_1.0.3_NUCLEO-F401RE\lib_stm\libLibraries.a(stm32f401re_adc.o)
                0x0000000008004768                ADC_DiscModeCmd
 .text.ADC_GetConversionValue
                0x00000000080047a0       0x1a D:\Lap Trinh\lap trinh\embedded\SDK_1.0.3_NUCLEO-F401RE\lib_stm\libLibraries.a(stm32f401re_adc.o)
                0x00000000080047a0                ADC_GetConversionValue
 .text.ADC_DMACmd
                0x00000000080047ba       0x38 D:\Lap Trinh\lap trinh\embedded\SDK_1.0.3_NUCLEO-F401RE\lib_stm\libLibraries.a(stm32f401re_adc.o)
                0x00000000080047ba                ADC_DMACmd
 .text.ADC_DMARequestAfterLastTransferCmd
                0x00000000080047f2       0x38 D:\Lap Trinh\lap trinh\embedded\SDK_1.0.3_NUCLEO-F401RE\lib_stm\libLibraries.a(stm32f401re_adc.o)
                0x00000000080047f2                ADC_DMARequestAfterLastTransferCmd
 .text.ADC_GetFlagStatus
                0x000000000800482a       0x34 D:\Lap Trinh\lap trinh\embedded\SDK_1.0.3_NUCLEO-F401RE\lib_stm\libLibraries.a(stm32f401re_adc.o)
                0x000000000800482a                ADC_GetFlagStatus
 *fill*         0x000000000800485e        0x2 
 .text.DMA_DeInit
                0x0000000008004860      0x1a8 D:\Lap Trinh\lap trinh\embedded\SDK_1.0.3_NUCLEO-F401RE\lib_stm\libLibraries.a(stm32f401re_dma.o)
                0x0000000008004860                DMA_DeInit
 .text.DMA_Init
                0x0000000008004a08       0xb0 D:\Lap Trinh\lap trinh\embedded\SDK_1.0.3_NUCLEO-F401RE\lib_stm\libLibraries.a(stm32f401re_dma.o)
                0x0000000008004a08                DMA_Init
 .text.DMA_Cmd  0x0000000008004ab8       0x38 D:\Lap Trinh\lap trinh\embedded\SDK_1.0.3_NUCLEO-F401RE\lib_stm\libLibraries.a(stm32f401re_dma.o)
                0x0000000008004ab8                DMA_Cmd
 .text.I2C_Init
                0x0000000008004af0      0x184 D:\Lap Trinh\lap trinh\embedded\SDK_1.0.3_NUCLEO-F401RE\lib_stm\libLibraries.a(stm32f401re_i2c.o)
                0x0000000008004af0                I2C_Init
 .text.I2C_Cmd  0x0000000008004c74       0x40 D:\Lap Trinh\lap trinh\embedded\SDK_1.0.3_NUCLEO-F401RE\lib_stm\libLibraries.a(stm32f401re_i2c.o)
                0x0000000008004c74                I2C_Cmd
 .text.I2C_GenerateSTART
                0x0000000008004cb4       0x40 D:\Lap Trinh\lap trinh\embedded\SDK_1.0.3_NUCLEO-F401RE\lib_stm\libLibraries.a(stm32f401re_i2c.o)
                0x0000000008004cb4                I2C_GenerateSTART
 .text.I2C_GenerateSTOP
                0x0000000008004cf4       0x40 D:\Lap Trinh\lap trinh\embedded\SDK_1.0.3_NUCLEO-F401RE\lib_stm\libLibraries.a(stm32f401re_i2c.o)
                0x0000000008004cf4                I2C_GenerateSTOP
 .text.I2C_Send7bitAddress
                0x0000000008004d34       0x3c D:\Lap Trinh\lap trinh\embedded\SDK_1.0.3_NUCLEO-F401RE\lib_stm\libLibraries.a(stm32f401re_i2c.o)
                0x0000000008004d34                I2C_Send7bitAddress
 .text.I2C_AcknowledgeConfig
                0x0000000008004d70       0x40 D:\Lap Trinh\lap trinh\embedded\SDK_1.0.3_NUCLEO-F401RE\lib_stm\libLibraries.a(stm32f401re_i2c.o)
                0x0000000008004d70                I2C_AcknowledgeConfig
 .text.I2C_SendData
                0x0000000008004db0       0x20 D:\Lap Trinh\lap trinh\embedded\SDK_1.0.3_NUCLEO-F401RE\lib_stm\libLibraries.a(stm32f401re_i2c.o)
                0x0000000008004db0                I2C_SendData
 .text.I2C_ReceiveData
                0x0000000008004dd0       0x1c D:\Lap Trinh\lap trinh\embedded\SDK_1.0.3_NUCLEO-F401RE\lib_stm\libLibraries.a(stm32f401re_i2c.o)
                0x0000000008004dd0                I2C_ReceiveData
 .text.I2C_CheckEvent
                0x0000000008004dec       0x60 D:\Lap Trinh\lap trinh\embedded\SDK_1.0.3_NUCLEO-F401RE\lib_stm\libLibraries.a(stm32f401re_i2c.o)
                0x0000000008004dec                I2C_CheckEvent
 .text.I2C_GetFlagStatus
                0x0000000008004e4c       0x66 D:\Lap Trinh\lap trinh\embedded\SDK_1.0.3_NUCLEO-F401RE\lib_stm\libLibraries.a(stm32f401re_i2c.o)
                0x0000000008004e4c                I2C_GetFlagStatus
 *fill*         0x0000000008004eb2        0x2 
 .text.TIM_TimeBaseInit
                0x0000000008004eb4       0xd8 D:\Lap Trinh\lap trinh\embedded\SDK_1.0.3_NUCLEO-F401RE\lib_stm\libLibraries.a(stm32f401re_tim.o)
                0x0000000008004eb4                TIM_TimeBaseInit
 .text.TIM_Cmd  0x0000000008004f8c       0x40 D:\Lap Trinh\lap trinh\embedded\SDK_1.0.3_NUCLEO-F401RE\lib_stm\libLibraries.a(stm32f401re_tim.o)
                0x0000000008004f8c                TIM_Cmd
 .text.TIM_OC1Init
                0x0000000008004fcc       0xf4 D:\Lap Trinh\lap trinh\embedded\SDK_1.0.3_NUCLEO-F401RE\lib_stm\libLibraries.a(stm32f401re_tim.o)
                0x0000000008004fcc                TIM_OC1Init
 .text.TIM_OC2Init
                0x00000000080050c0      0x110 D:\Lap Trinh\lap trinh\embedded\SDK_1.0.3_NUCLEO-F401RE\lib_stm\libLibraries.a(stm32f401re_tim.o)
                0x00000000080050c0                TIM_OC2Init
 .text.TIM_OC3Init
                0x00000000080051d0      0x10c D:\Lap Trinh\lap trinh\embedded\SDK_1.0.3_NUCLEO-F401RE\lib_stm\libLibraries.a(stm32f401re_tim.o)
                0x00000000080051d0                TIM_OC3Init
 .text.TIM_OC4Init
                0x00000000080052dc       0xd0 D:\Lap Trinh\lap trinh\embedded\SDK_1.0.3_NUCLEO-F401RE\lib_stm\libLibraries.a(stm32f401re_tim.o)
                0x00000000080052dc                TIM_OC4Init
 .text.TIM_SetCompare1
                0x00000000080053ac       0x1c D:\Lap Trinh\lap trinh\embedded\SDK_1.0.3_NUCLEO-F401RE\lib_stm\libLibraries.a(stm32f401re_tim.o)
                0x00000000080053ac                TIM_SetCompare1
 .text.TIM_SetCompare2
                0x00000000080053c8       0x1c D:\Lap Trinh\lap trinh\embedded\SDK_1.0.3_NUCLEO-F401RE\lib_stm\libLibraries.a(stm32f401re_tim.o)
                0x00000000080053c8                TIM_SetCompare2
 .text.TIM_SetCompare3
                0x00000000080053e4       0x1c D:\Lap Trinh\lap trinh\embedded\SDK_1.0.3_NUCLEO-F401RE\lib_stm\libLibraries.a(stm32f401re_tim.o)
                0x00000000080053e4                TIM_SetCompare3
 .text.TIM_SetCompare4
                0x0000000008005400       0x1c D:\Lap Trinh\lap trinh\embedded\SDK_1.0.3_NUCLEO-F401RE\lib_stm\libLibraries.a(stm32f401re_tim.o)
                0x0000000008005400                TIM_SetCompare4
 .text.TIM_CtrlPWMOutputs
                0x000000000800541c       0x4c D:\Lap Trinh\lap trinh\embedded\SDK_1.0.3_NUCLEO-F401RE\lib_stm\libLibraries.a(stm32f401re_tim.o)
                0x000000000800541c                TIM_CtrlPWMOutputs
 .text.ucg_clip_is_x_visible
                0x0000000008005468       0x4a D:\Lap Trinh\lap trinh\embedded\SDK_1.0.3_NUCLEO-F401RE\lib_stm\libLibraries.a(ucg_clip.o)
 .text.ucg_clip_is_y_visible
                0x00000000080054b2       0x4a D:\Lap Trinh\lap trinh\embedded\SDK_1.0.3_NUCLEO-F401RE\lib_stm\libLibraries.a(ucg_clip.o)
 .text.ucg_clip_intersection
                0x00000000080054fc       0x74 D:\Lap Trinh\lap trinh\embedded\SDK_1.0.3_NUCLEO-F401RE\lib_stm\libLibraries.a(ucg_clip.o)
 .text.ucg_clip_is_pixel_visible
                0x0000000008005570       0x32 D:\Lap Trinh\lap trinh\embedded\SDK_1.0.3_NUCLEO-F401RE\lib_stm\libLibraries.a(ucg_clip.o)
                0x0000000008005570                ucg_clip_is_pixel_visible
 *fill*         0x00000000080055a2        0x2 
 .text.ucg_clip_l90fx
                0x00000000080055a4      0x300 D:\Lap Trinh\lap trinh\embedded\SDK_1.0.3_NUCLEO-F401RE\lib_stm\libLibraries.a(ucg_clip.o)
                0x00000000080055a4                ucg_clip_l90fx
 .text.ucg_clip_l90se
                0x00000000080058a4       0x54 D:\Lap Trinh\lap trinh\embedded\SDK_1.0.3_NUCLEO-F401RE\lib_stm\libLibraries.a(ucg_clip.o)
                0x00000000080058a4                ucg_clip_l90se
 .text.ucg_com_PowerDown
                0x00000000080058f8       0x3e D:\Lap Trinh\lap trinh\embedded\SDK_1.0.3_NUCLEO-F401RE\lib_stm\libLibraries.a(ucg_com_msg_api.o)
                0x00000000080058f8                ucg_com_PowerDown
 .text.ucg_com_PowerUp
                0x0000000008005936       0x60 D:\Lap Trinh\lap trinh\embedded\SDK_1.0.3_NUCLEO-F401RE\lib_stm\libLibraries.a(ucg_com_msg_api.o)
                0x0000000008005936                ucg_com_PowerUp
 .text.ucg_com_SetLineStatus
                0x0000000008005996       0xe2 D:\Lap Trinh\lap trinh\embedded\SDK_1.0.3_NUCLEO-F401RE\lib_stm\libLibraries.a(ucg_com_msg_api.o)
                0x0000000008005996                ucg_com_SetLineStatus
 .text.ucg_com_SetResetLineStatus
                0x0000000008005a78       0x20 D:\Lap Trinh\lap trinh\embedded\SDK_1.0.3_NUCLEO-F401RE\lib_stm\libLibraries.a(ucg_com_msg_api.o)
                0x0000000008005a78                ucg_com_SetResetLineStatus
 .text.ucg_com_SetCSLineStatus
                0x0000000008005a98       0x20 D:\Lap Trinh\lap trinh\embedded\SDK_1.0.3_NUCLEO-F401RE\lib_stm\libLibraries.a(ucg_com_msg_api.o)
                0x0000000008005a98                ucg_com_SetCSLineStatus
 .text.ucg_com_SetCDLineStatus
                0x0000000008005ab8       0x20 D:\Lap Trinh\lap trinh\embedded\SDK_1.0.3_NUCLEO-F401RE\lib_stm\libLibraries.a(ucg_com_msg_api.o)
                0x0000000008005ab8                ucg_com_SetCDLineStatus
 .text.ucg_com_DelayMicroseconds
                0x0000000008005ad8       0x22 D:\Lap Trinh\lap trinh\embedded\SDK_1.0.3_NUCLEO-F401RE\lib_stm\libLibraries.a(ucg_com_msg_api.o)
                0x0000000008005ad8                ucg_com_DelayMicroseconds
 .text.ucg_com_DelayMilliseconds
                0x0000000008005afa       0x2c D:\Lap Trinh\lap trinh\embedded\SDK_1.0.3_NUCLEO-F401RE\lib_stm\libLibraries.a(ucg_com_msg_api.o)
                0x0000000008005afa                ucg_com_DelayMilliseconds
 .text.ucg_com_SendByte
                0x0000000008005b26       0x24 D:\Lap Trinh\lap trinh\embedded\SDK_1.0.3_NUCLEO-F401RE\lib_stm\libLibraries.a(ucg_com_msg_api.o)
                0x0000000008005b26                ucg_com_SendByte
 .text.ucg_com_SendStringP
                0x0000000008005b4a       0x40 D:\Lap Trinh\lap trinh\embedded\SDK_1.0.3_NUCLEO-F401RE\lib_stm\libLibraries.a(ucg_com_msg_api.o)
                0x0000000008005b4a                ucg_com_SendStringP
 .text.ucg_com_SendCmdArg
                0x0000000008005b8a       0x74 D:\Lap Trinh\lap trinh\embedded\SDK_1.0.3_NUCLEO-F401RE\lib_stm\libLibraries.a(ucg_com_msg_api.o)
 *fill*         0x0000000008005bfe        0x2 
 .text.ucg_com_SendCmdSeq
                0x0000000008005c00      0x278 D:\Lap Trinh\lap trinh\embedded\SDK_1.0.3_NUCLEO-F401RE\lib_stm\libLibraries.a(ucg_com_msg_api.o)
                0x0000000008005c00                ucg_com_SendCmdSeq
 .text.__errno  0x0000000008005e78        0xc c:/st/stm32cubeide_1.10.1/stm32cubeide/plugins/com.st.stm32cube.ide.mcu.externaltools.gnu-tools-for-stm32.10.3-2021.10.win32_1.0.100.202210260954/tools/bin/../lib/gcc/arm-none-eabi/10.3.1/../../../../arm-none-eabi/lib/thumb/v7e-m+fp/hard\libc_nano.a(lib_a-errno.o)
                0x0000000008005e78                __errno
 .text.__libc_init_array
                0x0000000008005e84       0x48 c:/st/stm32cubeide_1.10.1/stm32cubeide/plugins/com.st.stm32cube.ide.mcu.externaltools.gnu-tools-for-stm32.10.3-2021.10.win32_1.0.100.202210260954/tools/bin/../lib/gcc/arm-none-eabi/10.3.1/../../../../arm-none-eabi/lib/thumb/v7e-m+fp/hard\libc_nano.a(lib_a-init.o)
                0x0000000008005e84                __libc_init_array
 .text.memset   0x0000000008005ecc       0x10 c:/st/stm32cubeide_1.10.1/stm32cubeide/plugins/com.st.stm32cube.ide.mcu.externaltools.gnu-tools-for-stm32.10.3-2021.10.win32_1.0.100.202210260954/tools/bin/../lib/gcc/arm-none-eabi/10.3.1/../../../../arm-none-eabi/lib/thumb/v7e-m+fp/hard\libc_nano.a(lib_a-memset.o)
                0x0000000008005ecc                memset
 .text._puts_r  0x0000000008005edc       0xdc c:/st/stm32cubeide_1.10.1/stm32cubeide/plugins/com.st.stm32cube.ide.mcu.externaltools.gnu-tools-for-stm32.10.3-2021.10.win32_1.0.100.202210260954/tools/bin/../lib/gcc/arm-none-eabi/10.3.1/../../../../arm-none-eabi/lib/thumb/v7e-m+fp/hard\libc_nano.a(lib_a-puts.o)
                0x0000000008005edc                _puts_r
 .text.puts     0x0000000008005fb8       0x10 c:/st/stm32cubeide_1.10.1/stm32cubeide/plugins/com.st.stm32cube.ide.mcu.externaltools.gnu-tools-for-stm32.10.3-2021.10.win32_1.0.100.202210260954/tools/bin/../lib/gcc/arm-none-eabi/10.3.1/../../../../arm-none-eabi/lib/thumb/v7e-m+fp/hard\libc_nano.a(lib_a-puts.o)
                0x0000000008005fb8                puts
 .text.sprintf  0x0000000008005fc8       0x40 c:/st/stm32cubeide_1.10.1/stm32cubeide/plugins/com.st.stm32cube.ide.mcu.externaltools.gnu-tools-for-stm32.10.3-2021.10.win32_1.0.100.202210260954/tools/bin/../lib/gcc/arm-none-eabi/10.3.1/../../../../arm-none-eabi/lib/thumb/v7e-m+fp/hard\libc_nano.a(lib_a-sprintf.o)
                0x0000000008005fc8                siprintf
                0x0000000008005fc8                sprintf
 .text.__swbuf_r
                0x0000000008006008       0xa4 c:/st/stm32cubeide_1.10.1/stm32cubeide/plugins/com.st.stm32cube.ide.mcu.externaltools.gnu-tools-for-stm32.10.3-2021.10.win32_1.0.100.202210260954/tools/bin/../lib/gcc/arm-none-eabi/10.3.1/../../../../arm-none-eabi/lib/thumb/v7e-m+fp/hard\libc_nano.a(lib_a-wbuf.o)
                0x0000000008006008                __swbuf_r
 .text.__swsetup_r
                0x00000000080060ac       0xdc c:/st/stm32cubeide_1.10.1/stm32cubeide/plugins/com.st.stm32cube.ide.mcu.externaltools.gnu-tools-for-stm32.10.3-2021.10.win32_1.0.100.202210260954/tools/bin/../lib/gcc/arm-none-eabi/10.3.1/../../../../arm-none-eabi/lib/thumb/v7e-m+fp/hard\libc_nano.a(lib_a-wsetup.o)
                0x00000000080060ac                __swsetup_r
 .text.__sflush_r
                0x0000000008006188      0x10c c:/st/stm32cubeide_1.10.1/stm32cubeide/plugins/com.st.stm32cube.ide.mcu.externaltools.gnu-tools-for-stm32.10.3-2021.10.win32_1.0.100.202210260954/tools/bin/../lib/gcc/arm-none-eabi/10.3.1/../../../../arm-none-eabi/lib/thumb/v7e-m+fp/hard\libc_nano.a(lib_a-fflush.o)
                0x0000000008006188                __sflush_r
 .text._fflush_r
                0x0000000008006294       0x78 c:/st/stm32cubeide_1.10.1/stm32cubeide/plugins/com.st.stm32cube.ide.mcu.externaltools.gnu-tools-for-stm32.10.3-2021.10.win32_1.0.100.202210260954/tools/bin/../lib/gcc/arm-none-eabi/10.3.1/../../../../arm-none-eabi/lib/thumb/v7e-m+fp/hard\libc_nano.a(lib_a-fflush.o)
                0x0000000008006294                _fflush_r
 .text.std      0x000000000800630c       0x48 c:/st/stm32cubeide_1.10.1/stm32cubeide/plugins/com.st.stm32cube.ide.mcu.externaltools.gnu-tools-for-stm32.10.3-2021.10.win32_1.0.100.202210260954/tools/bin/../lib/gcc/arm-none-eabi/10.3.1/../../../../arm-none-eabi/lib/thumb/v7e-m+fp/hard\libc_nano.a(lib_a-findfp.o)
 .text._cleanup_r
                0x0000000008006354        0xc c:/st/stm32cubeide_1.10.1/stm32cubeide/plugins/com.st.stm32cube.ide.mcu.externaltools.gnu-tools-for-stm32.10.3-2021.10.win32_1.0.100.202210260954/tools/bin/../lib/gcc/arm-none-eabi/10.3.1/../../../../arm-none-eabi/lib/thumb/v7e-m+fp/hard\libc_nano.a(lib_a-findfp.o)
                0x0000000008006354                _cleanup_r
 .text.__sfmoreglue
                0x0000000008006360       0x2c c:/st/stm32cubeide_1.10.1/stm32cubeide/plugins/com.st.stm32cube.ide.mcu.externaltools.gnu-tools-for-stm32.10.3-2021.10.win32_1.0.100.202210260954/tools/bin/../lib/gcc/arm-none-eabi/10.3.1/../../../../arm-none-eabi/lib/thumb/v7e-m+fp/hard\libc_nano.a(lib_a-findfp.o)
                0x0000000008006360                __sfmoreglue
 .text.__sfp_lock_acquire
                0x000000000800638c        0xc c:/st/stm32cubeide_1.10.1/stm32cubeide/plugins/com.st.stm32cube.ide.mcu.externaltools.gnu-tools-for-stm32.10.3-2021.10.win32_1.0.100.202210260954/tools/bin/../lib/gcc/arm-none-eabi/10.3.1/../../../../arm-none-eabi/lib/thumb/v7e-m+fp/hard\libc_nano.a(lib_a-findfp.o)
                0x000000000800638c                __sfp_lock_acquire
 .text.__sfp_lock_release
                0x0000000008006398        0xc c:/st/stm32cubeide_1.10.1/stm32cubeide/plugins/com.st.stm32cube.ide.mcu.externaltools.gnu-tools-for-stm32.10.3-2021.10.win32_1.0.100.202210260954/tools/bin/../lib/gcc/arm-none-eabi/10.3.1/../../../../arm-none-eabi/lib/thumb/v7e-m+fp/hard\libc_nano.a(lib_a-findfp.o)
                0x0000000008006398                __sfp_lock_release
 .text.__sinit_lock_acquire
                0x00000000080063a4        0xc c:/st/stm32cubeide_1.10.1/stm32cubeide/plugins/com.st.stm32cube.ide.mcu.externaltools.gnu-tools-for-stm32.10.3-2021.10.win32_1.0.100.202210260954/tools/bin/../lib/gcc/arm-none-eabi/10.3.1/../../../../arm-none-eabi/lib/thumb/v7e-m+fp/hard\libc_nano.a(lib_a-findfp.o)
                0x00000000080063a4                __sinit_lock_acquire
 .text.__sinit_lock_release
                0x00000000080063b0        0xc c:/st/stm32cubeide_1.10.1/stm32cubeide/plugins/com.st.stm32cube.ide.mcu.externaltools.gnu-tools-for-stm32.10.3-2021.10.win32_1.0.100.202210260954/tools/bin/../lib/gcc/arm-none-eabi/10.3.1/../../../../arm-none-eabi/lib/thumb/v7e-m+fp/hard\libc_nano.a(lib_a-findfp.o)
                0x00000000080063b0                __sinit_lock_release
 .text.__sinit  0x00000000080063bc       0x70 c:/st/stm32cubeide_1.10.1/stm32cubeide/plugins/com.st.stm32cube.ide.mcu.externaltools.gnu-tools-for-stm32.10.3-2021.10.win32_1.0.100.202210260954/tools/bin/../lib/gcc/arm-none-eabi/10.3.1/../../../../arm-none-eabi/lib/thumb/v7e-m+fp/hard\libc_nano.a(lib_a-findfp.o)
                0x00000000080063bc                __sinit
 .text.__sfp    0x000000000800642c       0x8c c:/st/stm32cubeide_1.10.1/stm32cubeide/plugins/com.st.stm32cube.ide.mcu.externaltools.gnu-tools-for-stm32.10.3-2021.10.win32_1.0.100.202210260954/tools/bin/../lib/gcc/arm-none-eabi/10.3.1/../../../../arm-none-eabi/lib/thumb/v7e-m+fp/hard\libc_nano.a(lib_a-findfp.o)
                0x000000000800642c                __sfp
 .text._fwalk_reent
                0x00000000080064b8       0x3e c:/st/stm32cubeide_1.10.1/stm32cubeide/plugins/com.st.stm32cube.ide.mcu.externaltools.gnu-tools-for-stm32.10.3-2021.10.win32_1.0.100.202210260954/tools/bin/../lib/gcc/arm-none-eabi/10.3.1/../../../../arm-none-eabi/lib/thumb/v7e-m+fp/hard\libc_nano.a(lib_a-fwalk.o)
                0x00000000080064b8                _fwalk_reent
 .text.__retarget_lock_init_recursive
                0x00000000080064f6        0x2 c:/st/stm32cubeide_1.10.1/stm32cubeide/plugins/com.st.stm32cube.ide.mcu.externaltools.gnu-tools-for-stm32.10.3-2021.10.win32_1.0.100.202210260954/tools/bin/../lib/gcc/arm-none-eabi/10.3.1/../../../../arm-none-eabi/lib/thumb/v7e-m+fp/hard\libc_nano.a(lib_a-lock.o)
                0x00000000080064f6                __retarget_lock_init_recursive
 .text.__retarget_lock_acquire_recursive
                0x00000000080064f8        0x2 c:/st/stm32cubeide_1.10.1/stm32cubeide/plugins/com.st.stm32cube.ide.mcu.externaltools.gnu-tools-for-stm32.10.3-2021.10.win32_1.0.100.202210260954/tools/bin/../lib/gcc/arm-none-eabi/10.3.1/../../../../arm-none-eabi/lib/thumb/v7e-m+fp/hard\libc_nano.a(lib_a-lock.o)
                0x00000000080064f8                __retarget_lock_acquire_recursive
 .text.__retarget_lock_release_recursive
                0x00000000080064fa        0x2 c:/st/stm32cubeide_1.10.1/stm32cubeide/plugins/com.st.stm32cube.ide.mcu.externaltools.gnu-tools-for-stm32.10.3-2021.10.win32_1.0.100.202210260954/tools/bin/../lib/gcc/arm-none-eabi/10.3.1/../../../../arm-none-eabi/lib/thumb/v7e-m+fp/hard\libc_nano.a(lib_a-lock.o)
                0x00000000080064fa                __retarget_lock_release_recursive
 .text.__swhatbuf_r
                0x00000000080064fc       0x4a c:/st/stm32cubeide_1.10.1/stm32cubeide/plugins/com.st.stm32cube.ide.mcu.externaltools.gnu-tools-for-stm32.10.3-2021.10.win32_1.0.100.202210260954/tools/bin/../lib/gcc/arm-none-eabi/10.3.1/../../../../arm-none-eabi/lib/thumb/v7e-m+fp/hard\libc_nano.a(lib_a-makebuf.o)
                0x00000000080064fc                __swhatbuf_r
 *fill*         0x0000000008006546        0x2 
 .text.__smakebuf_r
                0x0000000008006548       0x80 c:/st/stm32cubeide_1.10.1/stm32cubeide/plugins/com.st.stm32cube.ide.mcu.externaltools.gnu-tools-for-stm32.10.3-2021.10.win32_1.0.100.202210260954/tools/bin/../lib/gcc/arm-none-eabi/10.3.1/../../../../arm-none-eabi/lib/thumb/v7e-m+fp/hard\libc_nano.a(lib_a-makebuf.o)
                0x0000000008006548                __smakebuf_r
 .text._free_r  0x00000000080065c8       0x98 c:/st/stm32cubeide_1.10.1/stm32cubeide/plugins/com.st.stm32cube.ide.mcu.externaltools.gnu-tools-for-stm32.10.3-2021.10.win32_1.0.100.202210260954/tools/bin/../lib/gcc/arm-none-eabi/10.3.1/../../../../arm-none-eabi/lib/thumb/v7e-m+fp/hard\libc_nano.a(lib_a-nano-freer.o)
                0x00000000080065c8                _free_r
 .text.sbrk_aligned
                0x0000000008006660       0x40 c:/st/stm32cubeide_1.10.1/stm32cubeide/plugins/com.st.stm32cube.ide.mcu.externaltools.gnu-tools-for-stm32.10.3-2021.10.win32_1.0.100.202210260954/tools/bin/../lib/gcc/arm-none-eabi/10.3.1/../../../../arm-none-eabi/lib/thumb/v7e-m+fp/hard\libc_nano.a(lib_a-nano-mallocr.o)
 .text._malloc_r
                0x00000000080066a0       0xe8 c:/st/stm32cubeide_1.10.1/stm32cubeide/plugins/com.st.stm32cube.ide.mcu.externaltools.gnu-tools-for-stm32.10.3-2021.10.win32_1.0.100.202210260954/tools/bin/../lib/gcc/arm-none-eabi/10.3.1/../../../../arm-none-eabi/lib/thumb/v7e-m+fp/hard\libc_nano.a(lib_a-nano-mallocr.o)
                0x00000000080066a0                _malloc_r
 .text.__ssputs_r
                0x0000000008006788       0xb6 c:/st/stm32cubeide_1.10.1/stm32cubeide/plugins/com.st.stm32cube.ide.mcu.externaltools.gnu-tools-for-stm32.10.3-2021.10.win32_1.0.100.202210260954/tools/bin/../lib/gcc/arm-none-eabi/10.3.1/../../../../arm-none-eabi/lib/thumb/v7e-m+fp/hard\libc_nano.a(lib_a-nano-svfprintf.o)
                0x0000000008006788                __ssputs_r
 *fill*         0x000000000800683e        0x2 
 .text._svfprintf_r
                0x0000000008006840      0x200 c:/st/stm32cubeide_1.10.1/stm32cubeide/plugins/com.st.stm32cube.ide.mcu.externaltools.gnu-tools-for-stm32.10.3-2021.10.win32_1.0.100.202210260954/tools/bin/../lib/gcc/arm-none-eabi/10.3.1/../../../../arm-none-eabi/lib/thumb/v7e-m+fp/hard\libc_nano.a(lib_a-nano-svfprintf.o)
                0x0000000008006840                _svfiprintf_r
                0x0000000008006840                _svfprintf_r
 .text._printf_common
                0x0000000008006a40       0xda c:/st/stm32cubeide_1.10.1/stm32cubeide/plugins/com.st.stm32cube.ide.mcu.externaltools.gnu-tools-for-stm32.10.3-2021.10.win32_1.0.100.202210260954/tools/bin/../lib/gcc/arm-none-eabi/10.3.1/../../../../arm-none-eabi/lib/thumb/v7e-m+fp/hard\libc_nano.a(lib_a-nano-vfprintf_i.o)
                0x0000000008006a40                _printf_common
 *fill*         0x0000000008006b1a        0x2 
 .text._printf_i
                0x0000000008006b1c      0x24c c:/st/stm32cubeide_1.10.1/stm32cubeide/plugins/com.st.stm32cube.ide.mcu.externaltools.gnu-tools-for-stm32.10.3-2021.10.win32_1.0.100.202210260954/tools/bin/../lib/gcc/arm-none-eabi/10.3.1/../../../../arm-none-eabi/lib/thumb/v7e-m+fp/hard\libc_nano.a(lib_a-nano-vfprintf_i.o)
                0x0000000008006b1c                _printf_i
 .text._sbrk_r  0x0000000008006d68       0x20 c:/st/stm32cubeide_1.10.1/stm32cubeide/plugins/com.st.stm32cube.ide.mcu.externaltools.gnu-tools-for-stm32.10.3-2021.10.win32_1.0.100.202210260954/tools/bin/../lib/gcc/arm-none-eabi/10.3.1/../../../../arm-none-eabi/lib/thumb/v7e-m+fp/hard\libc_nano.a(lib_a-sbrkr.o)
                0x0000000008006d68                _sbrk_r
 .text.__sread  0x0000000008006d88       0x22 c:/st/stm32cubeide_1.10.1/stm32cubeide/plugins/com.st.stm32cube.ide.mcu.externaltools.gnu-tools-for-stm32.10.3-2021.10.win32_1.0.100.202210260954/tools/bin/../lib/gcc/arm-none-eabi/10.3.1/../../../../arm-none-eabi/lib/thumb/v7e-m+fp/hard\libc_nano.a(lib_a-stdio.o)
                0x0000000008006d88                __sread
 .text.__swrite
                0x0000000008006daa       0x38 c:/st/stm32cubeide_1.10.1/stm32cubeide/plugins/com.st.stm32cube.ide.mcu.externaltools.gnu-tools-for-stm32.10.3-2021.10.win32_1.0.100.202210260954/tools/bin/../lib/gcc/arm-none-eabi/10.3.1/../../../../arm-none-eabi/lib/thumb/v7e-m+fp/hard\libc_nano.a(lib_a-stdio.o)
                0x0000000008006daa                __swrite
 .text.__sseek  0x0000000008006de2       0x24 c:/st/stm32cubeide_1.10.1/stm32cubeide/plugins/com.st.stm32cube.ide.mcu.externaltools.gnu-tools-for-stm32.10.3-2021.10.win32_1.0.100.202210260954/tools/bin/../lib/gcc/arm-none-eabi/10.3.1/../../../../arm-none-eabi/lib/thumb/v7e-m+fp/hard\libc_nano.a(lib_a-stdio.o)
                0x0000000008006de2                __sseek
 .text.__sclose
                0x0000000008006e06        0x8 c:/st/stm32cubeide_1.10.1/stm32cubeide/plugins/com.st.stm32cube.ide.mcu.externaltools.gnu-tools-for-stm32.10.3-2021.10.win32_1.0.100.202210260954/tools/bin/../lib/gcc/arm-none-eabi/10.3.1/../../../../arm-none-eabi/lib/thumb/v7e-m+fp/hard\libc_nano.a(lib_a-stdio.o)
                0x0000000008006e06                __sclose
 *fill*         0x0000000008006e0e        0x2 
 .text._write_r
                0x0000000008006e10       0x24 c:/st/stm32cubeide_1.10.1/stm32cubeide/plugins/com.st.stm32cube.ide.mcu.externaltools.gnu-tools-for-stm32.10.3-2021.10.win32_1.0.100.202210260954/tools/bin/../lib/gcc/arm-none-eabi/10.3.1/../../../../arm-none-eabi/lib/thumb/v7e-m+fp/hard\libc_nano.a(lib_a-writer.o)
                0x0000000008006e10                _write_r
 .text._close_r
                0x0000000008006e34       0x20 c:/st/stm32cubeide_1.10.1/stm32cubeide/plugins/com.st.stm32cube.ide.mcu.externaltools.gnu-tools-for-stm32.10.3-2021.10.win32_1.0.100.202210260954/tools/bin/../lib/gcc/arm-none-eabi/10.3.1/../../../../arm-none-eabi/lib/thumb/v7e-m+fp/hard\libc_nano.a(lib_a-closer.o)
                0x0000000008006e34                _close_r
 .text._fstat_r
                0x0000000008006e54       0x24 c:/st/stm32cubeide_1.10.1/stm32cubeide/plugins/com.st.stm32cube.ide.mcu.externaltools.gnu-tools-for-stm32.10.3-2021.10.win32_1.0.100.202210260954/tools/bin/../lib/gcc/arm-none-eabi/10.3.1/../../../../arm-none-eabi/lib/thumb/v7e-m+fp/hard\libc_nano.a(lib_a-fstatr.o)
                0x0000000008006e54                _fstat_r
 .text._isatty_r
                0x0000000008006e78       0x20 c:/st/stm32cubeide_1.10.1/stm32cubeide/plugins/com.st.stm32cube.ide.mcu.externaltools.gnu-tools-for-stm32.10.3-2021.10.win32_1.0.100.202210260954/tools/bin/../lib/gcc/arm-none-eabi/10.3.1/../../../../arm-none-eabi/lib/thumb/v7e-m+fp/hard\libc_nano.a(lib_a-isattyr.o)
                0x0000000008006e78                _isatty_r
 .text._lseek_r
                0x0000000008006e98       0x24 c:/st/stm32cubeide_1.10.1/stm32cubeide/plugins/com.st.stm32cube.ide.mcu.externaltools.gnu-tools-for-stm32.10.3-2021.10.win32_1.0.100.202210260954/tools/bin/../lib/gcc/arm-none-eabi/10.3.1/../../../../arm-none-eabi/lib/thumb/v7e-m+fp/hard\libc_nano.a(lib_a-lseekr.o)
                0x0000000008006e98                _lseek_r
 .text.memcpy   0x0000000008006ebc       0x1c c:/st/stm32cubeide_1.10.1/stm32cubeide/plugins/com.st.stm32cube.ide.mcu.externaltools.gnu-tools-for-stm32.10.3-2021.10.win32_1.0.100.202210260954/tools/bin/../lib/gcc/arm-none-eabi/10.3.1/../../../../arm-none-eabi/lib/thumb/v7e-m+fp/hard\libc_nano.a(lib_a-memcpy-stub.o)
                0x0000000008006ebc                memcpy
 .text.memmove  0x0000000008006ed8       0x34 c:/st/stm32cubeide_1.10.1/stm32cubeide/plugins/com.st.stm32cube.ide.mcu.externaltools.gnu-tools-for-stm32.10.3-2021.10.win32_1.0.100.202210260954/tools/bin/../lib/gcc/arm-none-eabi/10.3.1/../../../../arm-none-eabi/lib/thumb/v7e-m+fp/hard\libc_nano.a(lib_a-memmove.o)
                0x0000000008006ed8                memmove
 .text.__malloc_lock
                0x0000000008006f0c        0xc c:/st/stm32cubeide_1.10.1/stm32cubeide/plugins/com.st.stm32cube.ide.mcu.externaltools.gnu-tools-for-stm32.10.3-2021.10.win32_1.0.100.202210260954/tools/bin/../lib/gcc/arm-none-eabi/10.3.1/../../../../arm-none-eabi/lib/thumb/v7e-m+fp/hard\libc_nano.a(lib_a-mlock.o)
                0x0000000008006f0c                __malloc_lock
 .text.__malloc_unlock
                0x0000000008006f18        0xc c:/st/stm32cubeide_1.10.1/stm32cubeide/plugins/com.st.stm32cube.ide.mcu.externaltools.gnu-tools-for-stm32.10.3-2021.10.win32_1.0.100.202210260954/tools/bin/../lib/gcc/arm-none-eabi/10.3.1/../../../../arm-none-eabi/lib/thumb/v7e-m+fp/hard\libc_nano.a(lib_a-mlock.o)
                0x0000000008006f18                __malloc_unlock
 .text._realloc_r
                0x0000000008006f24       0x5e c:/st/stm32cubeide_1.10.1/stm32cubeide/plugins/com.st.stm32cube.ide.mcu.externaltools.gnu-tools-for-stm32.10.3-2021.10.win32_1.0.100.202210260954/tools/bin/../lib/gcc/arm-none-eabi/10.3.1/../../../../arm-none-eabi/lib/thumb/v7e-m+fp/hard\libc_nano.a(lib_a-nano-reallocr.o)
                0x0000000008006f24                _realloc_r
 *fill*         0x0000000008006f82        0x2 
 .text._read_r  0x0000000008006f84       0x24 c:/st/stm32cubeide_1.10.1/stm32cubeide/plugins/com.st.stm32cube.ide.mcu.externaltools.gnu-tools-for-stm32.10.3-2021.10.win32_1.0.100.202210260954/tools/bin/../lib/gcc/arm-none-eabi/10.3.1/../../../../arm-none-eabi/lib/thumb/v7e-m+fp/hard\libc_nano.a(lib_a-readr.o)
                0x0000000008006f84                _read_r
 .text._malloc_usable_size_r
                0x0000000008006fa8       0x10 c:/st/stm32cubeide_1.10.1/stm32cubeide/plugins/com.st.stm32cube.ide.mcu.externaltools.gnu-tools-for-stm32.10.3-2021.10.win32_1.0.100.202210260954/tools/bin/../lib/gcc/arm-none-eabi/10.3.1/../../../../arm-none-eabi/lib/thumb/v7e-m+fp/hard\libc_nano.a(lib_a-nano-msizer.o)
                0x0000000008006fa8                _malloc_usable_size_r
 *(.glue_7)
 .glue_7        0x0000000008006fb8        0x0 linker stubs
 *(.glue_7t)
 .glue_7t       0x0000000008006fb8        0x0 linker stubs
 *(.eh_frame)
 .eh_frame      0x0000000008006fb8        0x0 c:/st/stm32cubeide_1.10.1/stm32cubeide/plugins/com.st.stm32cube.ide.mcu.externaltools.gnu-tools-for-stm32.10.3-2021.10.win32_1.0.100.202210260954/tools/bin/../lib/gcc/arm-none-eabi/10.3.1/thumb/v7e-m+fp/hard/crtbegin.o
 *(.init)
 .init          0x0000000008006fb8        0x4 c:/st/stm32cubeide_1.10.1/stm32cubeide/plugins/com.st.stm32cube.ide.mcu.externaltools.gnu-tools-for-stm32.10.3-2021.10.win32_1.0.100.202210260954/tools/bin/../lib/gcc/arm-none-eabi/10.3.1/thumb/v7e-m+fp/hard/crti.o
                0x0000000008006fb8                _init
 .init          0x0000000008006fbc        0x8 c:/st/stm32cubeide_1.10.1/stm32cubeide/plugins/com.st.stm32cube.ide.mcu.externaltools.gnu-tools-for-stm32.10.3-2021.10.win32_1.0.100.202210260954/tools/bin/../lib/gcc/arm-none-eabi/10.3.1/thumb/v7e-m+fp/hard/crtn.o
 *(.fini)
 .fini          0x0000000008006fc4        0x4 c:/st/stm32cubeide_1.10.1/stm32cubeide/plugins/com.st.stm32cube.ide.mcu.externaltools.gnu-tools-for-stm32.10.3-2021.10.win32_1.0.100.202210260954/tools/bin/../lib/gcc/arm-none-eabi/10.3.1/thumb/v7e-m+fp/hard/crti.o
                0x0000000008006fc4                _fini
 .fini          0x0000000008006fc8        0x8 c:/st/stm32cubeide_1.10.1/stm32cubeide/plugins/com.st.stm32cube.ide.mcu.externaltools.gnu-tools-for-stm32.10.3-2021.10.win32_1.0.100.202210260954/tools/bin/../lib/gcc/arm-none-eabi/10.3.1/thumb/v7e-m+fp/hard/crtn.o
                0x0000000008006fd0                . = ALIGN (0x4)
                0x0000000008006fd0                _etext = .

.vfp11_veneer   0x0000000008006fd0        0x0
 .vfp11_veneer  0x0000000008006fd0        0x0 linker stubs

.v4_bx          0x0000000008006fd0        0x0
 .v4_bx         0x0000000008006fd0        0x0 linker stubs

.iplt           0x0000000008006fd0        0x0
 .iplt          0x0000000008006fd0        0x0 c:/st/stm32cubeide_1.10.1/stm32cubeide/plugins/com.st.stm32cube.ide.mcu.externaltools.gnu-tools-for-stm32.10.3-2021.10.win32_1.0.100.202210260954/tools/bin/../lib/gcc/arm-none-eabi/10.3.1/thumb/v7e-m+fp/hard/crtbegin.o

.rodata         0x0000000008006fd0      0x988
                0x0000000008006fd0                . = ALIGN (0x4)
 *(.rodata)
 .rodata        0x0000000008006fd0       0xbb ./Src/main.o
 *fill*         0x000000000800708b        0x1 
 .rodata        0x000000000800708c        0x5 D:\Lap Trinh\lap trinh\embedded\SDK_1.0.3_NUCLEO-F401RE\lib_stm\libLibraries.a(buzzer.o)
 *fill*         0x0000000008007091        0x3 
 .rodata        0x0000000008007094       0x16 D:\Lap Trinh\lap trinh\embedded\SDK_1.0.3_NUCLEO-F401RE\lib_stm\libLibraries.a(temhumsensor.o)
 *fill*         0x00000000080070aa        0x2 
 .rodata        0x00000000080070ac        0xf D:\Lap Trinh\lap trinh\embedded\SDK_1.0.3_NUCLEO-F401RE\lib_stm\libLibraries.a(ucg_font.o)
 *(.rodata*)
 *fill*         0x00000000080070bb        0x1 
 .rodata.pinBuzz
                0x00000000080070bc        0x8 D:\Lap Trinh\lap trinh\embedded\SDK_1.0.3_NUCLEO-F401RE\lib_stm\libLibraries.a(buzzer.o)
 .rodata.ucg_st7735_set_pos_seq
                0x00000000080070c4       0x1e D:\Lap Trinh\lap trinh\embedded\SDK_1.0.3_NUCLEO-F401RE\lib_stm\libLibraries.a(ucg_dev_ic_st7735.o)
                0x00000000080070c4                ucg_st7735_set_pos_seq
 *fill*         0x00000000080070e2        0x2 
 .rodata.ucg_st7735_set_pos_dir0_seq
                0x00000000080070e4       0x1e D:\Lap Trinh\lap trinh\embedded\SDK_1.0.3_NUCLEO-F401RE\lib_stm\libLibraries.a(ucg_dev_ic_st7735.o)
                0x00000000080070e4                ucg_st7735_set_pos_dir0_seq
 *fill*         0x0000000008007102        0x2 
 .rodata.ucg_st7735_set_pos_dir1_seq
                0x0000000008007104       0x21 D:\Lap Trinh\lap trinh\embedded\SDK_1.0.3_NUCLEO-F401RE\lib_stm\libLibraries.a(ucg_dev_ic_st7735.o)
                0x0000000008007104                ucg_st7735_set_pos_dir1_seq
 *fill*         0x0000000008007125        0x3 
 .rodata.ucg_st7735_set_pos_dir2_seq
                0x0000000008007128       0x21 D:\Lap Trinh\lap trinh\embedded\SDK_1.0.3_NUCLEO-F401RE\lib_stm\libLibraries.a(ucg_dev_ic_st7735.o)
                0x0000000008007128                ucg_st7735_set_pos_dir2_seq
 *fill*         0x0000000008007149        0x3 
 .rodata.ucg_st7735_set_pos_dir3_seq
                0x000000000800714c       0x24 D:\Lap Trinh\lap trinh\embedded\SDK_1.0.3_NUCLEO-F401RE\lib_stm\libLibraries.a(ucg_dev_ic_st7735.o)
                0x000000000800714c                ucg_st7735_set_pos_dir3_seq
 .rodata.ucg_st7735_power_down_seq
                0x0000000008007170        0x7 D:\Lap Trinh\lap trinh\embedded\SDK_1.0.3_NUCLEO-F401RE\lib_stm\libLibraries.a(ucg_dev_ic_st7735.o)
 *fill*         0x0000000008007177        0x1 
 .rodata.ucg_tft_128x160_st7735_init_seq
                0x0000000008007178       0x2c D:\Lap Trinh\lap trinh\embedded\SDK_1.0.3_NUCLEO-F401RE\lib_stm\libLibraries.a(ucg_dev_tft_128x128_st7735.o)
 .rodata.ucg_font_ncenR10_hr
                0x00000000080071a4      0x719 D:\Lap Trinh\lap trinh\embedded\SDK_1.0.3_NUCLEO-F401RE\lib_stm\libLibraries.a(ucg_pixel_font_data.o)
                0x00000000080071a4                ucg_font_ncenR10_hr
 *fill*         0x00000000080078bd        0x3 
 .rodata._global_impure_ptr
                0x00000000080078c0        0x4 c:/st/stm32cubeide_1.10.1/stm32cubeide/plugins/com.st.stm32cube.ide.mcu.externaltools.gnu-tools-for-stm32.10.3-2021.10.win32_1.0.100.202210260954/tools/bin/../lib/gcc/arm-none-eabi/10.3.1/../../../../arm-none-eabi/lib/thumb/v7e-m+fp/hard\libc_nano.a(lib_a-impure.o)
                0x00000000080078c0                _global_impure_ptr
 .rodata.__sf_fake_stderr
                0x00000000080078c4       0x20 c:/st/stm32cubeide_1.10.1/stm32cubeide/plugins/com.st.stm32cube.ide.mcu.externaltools.gnu-tools-for-stm32.10.3-2021.10.win32_1.0.100.202210260954/tools/bin/../lib/gcc/arm-none-eabi/10.3.1/../../../../arm-none-eabi/lib/thumb/v7e-m+fp/hard\libc_nano.a(lib_a-findfp.o)
                0x00000000080078c4                __sf_fake_stderr
 .rodata.__sf_fake_stdin
                0x00000000080078e4       0x20 c:/st/stm32cubeide_1.10.1/stm32cubeide/plugins/com.st.stm32cube.ide.mcu.externaltools.gnu-tools-for-stm32.10.3-2021.10.win32_1.0.100.202210260954/tools/bin/../lib/gcc/arm-none-eabi/10.3.1/../../../../arm-none-eabi/lib/thumb/v7e-m+fp/hard\libc_nano.a(lib_a-findfp.o)
                0x00000000080078e4                __sf_fake_stdin
 .rodata.__sf_fake_stdout
                0x0000000008007904       0x20 c:/st/stm32cubeide_1.10.1/stm32cubeide/plugins/com.st.stm32cube.ide.mcu.externaltools.gnu-tools-for-stm32.10.3-2021.10.win32_1.0.100.202210260954/tools/bin/../lib/gcc/arm-none-eabi/10.3.1/../../../../arm-none-eabi/lib/thumb/v7e-m+fp/hard\libc_nano.a(lib_a-findfp.o)
                0x0000000008007904                __sf_fake_stdout
 .rodata._svfprintf_r.str1.1
                0x0000000008007924       0x11 c:/st/stm32cubeide_1.10.1/stm32cubeide/plugins/com.st.stm32cube.ide.mcu.externaltools.gnu-tools-for-stm32.10.3-2021.10.win32_1.0.100.202210260954/tools/bin/../lib/gcc/arm-none-eabi/10.3.1/../../../../arm-none-eabi/lib/thumb/v7e-m+fp/hard\libc_nano.a(lib_a-nano-svfprintf.o)
 .rodata._printf_i.str1.1
                0x0000000008007935       0x22 c:/st/stm32cubeide_1.10.1/stm32cubeide/plugins/com.st.stm32cube.ide.mcu.externaltools.gnu-tools-for-stm32.10.3-2021.10.win32_1.0.100.202210260954/tools/bin/../lib/gcc/arm-none-eabi/10.3.1/../../../../arm-none-eabi/lib/thumb/v7e-m+fp/hard\libc_nano.a(lib_a-nano-vfprintf_i.o)
                0x0000000008007958                . = ALIGN (0x4)
 *fill*         0x0000000008007957        0x1 

.rel.dyn        0x0000000008007958        0x0
 .rel.iplt      0x0000000008007958        0x0 c:/st/stm32cubeide_1.10.1/stm32cubeide/plugins/com.st.stm32cube.ide.mcu.externaltools.gnu-tools-for-stm32.10.3-2021.10.win32_1.0.100.202210260954/tools/bin/../lib/gcc/arm-none-eabi/10.3.1/thumb/v7e-m+fp/hard/crtbegin.o

.ARM.extab      0x0000000008007958        0x0
                0x0000000008007958                . = ALIGN (0x4)
 *(.ARM.extab* .gnu.linkonce.armextab.*)
                0x0000000008007958                . = ALIGN (0x4)

.ARM            0x0000000008007958        0x0
                0x0000000008007958                . = ALIGN (0x4)
                0x0000000008007958                __exidx_start = .
 *(.ARM.exidx*)
                0x0000000008007958                __exidx_end = .
                0x0000000008007958                . = ALIGN (0x4)

.preinit_array  0x0000000008007958        0x0
                0x0000000008007958                . = ALIGN (0x4)
                0x0000000008007958                PROVIDE (__preinit_array_start = .)
 *(.preinit_array*)
                0x0000000008007958                PROVIDE (__preinit_array_end = .)
                0x0000000008007958                . = ALIGN (0x4)

.init_array     0x0000000008007958        0x4
                0x0000000008007958                . = ALIGN (0x4)
                0x0000000008007958                PROVIDE (__init_array_start = .)
 *(SORT_BY_NAME(.init_array.*))
 *(.init_array*)
 .init_array    0x0000000008007958        0x4 c:/st/stm32cubeide_1.10.1/stm32cubeide/plugins/com.st.stm32cube.ide.mcu.externaltools.gnu-tools-for-stm32.10.3-2021.10.win32_1.0.100.202210260954/tools/bin/../lib/gcc/arm-none-eabi/10.3.1/thumb/v7e-m+fp/hard/crtbegin.o
                0x000000000800795c                PROVIDE (__init_array_end = .)
                0x000000000800795c                . = ALIGN (0x4)

.fini_array     0x000000000800795c        0x4
                0x000000000800795c                . = ALIGN (0x4)
                [!provide]                        PROVIDE (__fini_array_start = .)
 *(SORT_BY_NAME(.fini_array.*))
 *(.fini_array*)
 .fini_array    0x000000000800795c        0x4 c:/st/stm32cubeide_1.10.1/stm32cubeide/plugins/com.st.stm32cube.ide.mcu.externaltools.gnu-tools-for-stm32.10.3-2021.10.win32_1.0.100.202210260954/tools/bin/../lib/gcc/arm-none-eabi/10.3.1/thumb/v7e-m+fp/hard/crtbegin.o
                [!provide]                        PROVIDE (__fini_array_end = .)
                0x0000000008007960                . = ALIGN (0x4)
                0x0000000008007960                _sidata = LOADADDR (.data)

.data           0x0000000020000000       0xbc load address 0x0000000008007960
                0x0000000020000000                . = ALIGN (0x4)
                0x0000000020000000                _sdata = .
 *(.data)
 *(.data*)
 .data.frame    0x0000000020000000        0x9 ./Src/main.o
                0x0000000020000000                frame
 *fill*         0x0000000020000009        0x3 
 .data.frameLED
                0x000000002000000c        0xc ./Src/main.o
                0x000000002000000c                frameLED
 .data.frameBuzzer
                0x0000000020000018        0x8 ./Src/main.o
                0x0000000020000018                frameBuzzer
 .data.Sequece  0x0000000020000020        0x1 ./Src/main.o
                0x0000000020000020                Sequece
 .data.TempHumScan
                0x0000000020000021        0x1 ./Src/main.o
 .data.LightScan
                0x0000000020000022        0x1 ./Src/main.o
 *fill*         0x0000000020000023        0x1 
 .data.SystemCoreClock
                0x0000000020000024        0x4 D:\Lap Trinh\lap trinh\embedded\SDK_1.0.3_NUCLEO-F401RE\lib_stm\libLibraries.a(system_stm32f4xx.o)
                0x0000000020000024                SystemCoreClock
 .data.AHBPrescTable
                0x0000000020000028       0x10 D:\Lap Trinh\lap trinh\embedded\SDK_1.0.3_NUCLEO-F401RE\lib_stm\libLibraries.a(system_stm32f4xx.o)
                0x0000000020000028                AHBPrescTable
 .data.APBAHBPrescTable
                0x0000000020000038       0x10 D:\Lap Trinh\lap trinh\embedded\SDK_1.0.3_NUCLEO-F401RE\lib_stm\libLibraries.a(stm32f401re_rcc.o)
 .data.idBuzz   0x0000000020000048        0x1 D:\Lap Trinh\lap trinh\embedded\SDK_1.0.3_NUCLEO-F401RE\lib_stm\libLibraries.a(buzzer.o)
 *fill*         0x0000000020000049        0x3 
 .data.pbeep    0x000000002000004c        0x8 D:\Lap Trinh\lap trinh\embedded\SDK_1.0.3_NUCLEO-F401RE\lib_stm\libLibraries.a(melody.o)
                0x000000002000004c                pbeep
 .data.g_byTimeWaitGetTemp
                0x0000000020000054        0x1 D:\Lap Trinh\lap trinh\embedded\SDK_1.0.3_NUCLEO-F401RE\lib_stm\libLibraries.a(temhumsensor.o)
 .data.g_byTimeWaitGetHumi
                0x0000000020000055        0x1 D:\Lap Trinh\lap trinh\embedded\SDK_1.0.3_NUCLEO-F401RE\lib_stm\libLibraries.a(temhumsensor.o)
 .data.idTaskScanDecodeLen
                0x0000000020000056        0x1 D:\Lap Trinh\lap trinh\embedded\SDK_1.0.3_NUCLEO-F401RE\lib_stm\libLibraries.a(ucg_font.o)
 *fill*         0x0000000020000057        0x1 
 .data._impure_ptr
                0x0000000020000058        0x4 c:/st/stm32cubeide_1.10.1/stm32cubeide/plugins/com.st.stm32cube.ide.mcu.externaltools.gnu-tools-for-stm32.10.3-2021.10.win32_1.0.100.202210260954/tools/bin/../lib/gcc/arm-none-eabi/10.3.1/../../../../arm-none-eabi/lib/thumb/v7e-m+fp/hard\libc_nano.a(lib_a-impure.o)
                0x0000000020000058                _impure_ptr
 .data.impure_data
                0x000000002000005c       0x60 c:/st/stm32cubeide_1.10.1/stm32cubeide/plugins/com.st.stm32cube.ide.mcu.externaltools.gnu-tools-for-stm32.10.3-2021.10.win32_1.0.100.202210260954/tools/bin/../lib/gcc/arm-none-eabi/10.3.1/../../../../arm-none-eabi/lib/thumb/v7e-m+fp/hard\libc_nano.a(lib_a-impure.o)
 *(.RamFunc)
 *(.RamFunc*)
                0x00000000200000bc                . = ALIGN (0x4)
                0x00000000200000bc                _edata = .

.igot.plt       0x00000000200000bc        0x0 load address 0x0000000008007a1c
 .igot.plt      0x00000000200000bc        0x0 c:/st/stm32cubeide_1.10.1/stm32cubeide/plugins/com.st.stm32cube.ide.mcu.externaltools.gnu-tools-for-stm32.10.3-2021.10.win32_1.0.100.202210260954/tools/bin/../lib/gcc/arm-none-eabi/10.3.1/thumb/v7e-m+fp/hard/crtbegin.o
                0x00000000200000bc                . = ALIGN (0x4)

.bss            0x00000000200000bc     0x1414 load address 0x0000000008007a1c
                0x00000000200000bc                _sbss = .
                0x00000000200000bc                __bss_start__ = _sbss
 *(.bss)
 .bss           0x00000000200000bc       0x1c c:/st/stm32cubeide_1.10.1/stm32cubeide/plugins/com.st.stm32cube.ide.mcu.externaltools.gnu-tools-for-stm32.10.3-2021.10.win32_1.0.100.202210260954/tools/bin/../lib/gcc/arm-none-eabi/10.3.1/thumb/v7e-m+fp/hard/crtbegin.o
 *(.bss*)
 .bss.byRxBufState
                0x00000000200000d8        0x1 ./Src/main.o
 .bss.byIndexRxBuf
                0x00000000200000d9        0x1 ./Src/main.o
 .bss.byCheckXorRxBuf
                0x00000000200000da        0x1 ./Src/main.o
 *fill*         0x00000000200000db        0x1 
 .bss.QueueRx   0x00000000200000dc       0x10 ./Src/main.o
                0x00000000200000dc                QueueRx
 .bss.pBuffDataRx
                0x00000000200000ec      0x100 ./Src/main.o
 .bss.RxBuffer  0x00000000200001ec       0x10 ./Src/main.o
                0x00000000200001ec                RxBuffer
 .bss.DataReceive
                0x00000000200001fc        0x1 ./Src/main.o
                0x00000000200001fc                DataReceive
 *fill*         0x00000000200001fd        0x3 
 .bss.ucg       0x0000000020000200       0xb4 ./Src/main.o
                0x0000000020000200                ucg
 .bss.temperture
                0x00000000200002b4        0x1 ./Src/main.o
 .bss.humidity  0x00000000200002b5        0x1 ./Src/main.o
 .bss.light     0x00000000200002b6        0x2 ./Src/main.o
 .bss.str1      0x00000000200002b8       0x14 ./Src/main.o
 .bss.str2      0x00000000200002cc       0x14 ./Src/main.o
 .bss.str3      0x00000000200002e0       0x14 ./Src/main.o
 .bss.TempHumCheck
                0x00000000200002f4        0x1 ./Src/main.o
                0x00000000200002f4                TempHumCheck
 *fill*         0x00000000200002f5        0x3 
 .bss.__sbrk_heap_end
                0x00000000200002f8        0x4 ./Src/sysmem.o
 .bss.bBuzzInit
                0x00000000200002fc        0x1 D:\Lap Trinh\lap trinh\embedded\SDK_1.0.3_NUCLEO-F401RE\lib_stm\libLibraries.a(buzzer.o)
 *fill*         0x00000000200002fd        0x3 
 .bss.gpToneList
                0x0000000020000300        0x4 D:\Lap Trinh\lap trinh\embedded\SDK_1.0.3_NUCLEO-F401RE\lib_stm\libLibraries.a(buzzer.o)
 .bss.g_brightnessLed
                0x0000000020000304        0x1 D:\Lap Trinh\lap trinh\embedded\SDK_1.0.3_NUCLEO-F401RE\lib_stm\libLibraries.a(led.o)
 *fill*         0x0000000020000305        0x3 
 .bss.pAppStateFunc
                0x0000000020000308        0x4 D:\Lap Trinh\lap trinh\embedded\SDK_1.0.3_NUCLEO-F401RE\lib_stm\libLibraries.a(eventman.o)
 .bss.eventQueue
                0x000000002000030c       0x10 D:\Lap Trinh\lap trinh\embedded\SDK_1.0.3_NUCLEO-F401RE\lib_stm\libLibraries.a(eventman.o)
 .bss.g_pTimerHandle
                0x000000002000031c      0x180 D:\Lap Trinh\lap trinh\embedded\SDK_1.0.3_NUCLEO-F401RE\lib_stm\libLibraries.a(timer.o)
 .bss.g_wMilSecTickTimer
                0x000000002000049c        0x4 D:\Lap Trinh\lap trinh\embedded\SDK_1.0.3_NUCLEO-F401RE\lib_stm\libLibraries.a(timer.o)
 .bss.uhADCConvertedValue
                0x00000000200004a0        0x2 D:\Lap Trinh\lap trinh\embedded\SDK_1.0.3_NUCLEO-F401RE\lib_stm\libLibraries.a(lightsensor.o)
 *fill*         0x00000000200004a2        0x2 
 .bss.fontQueue
                0x00000000200004a4       0x10 D:\Lap Trinh\lap trinh\embedded\SDK_1.0.3_NUCLEO-F401RE\lib_stm\libLibraries.a(ucg_font.o)
 .bss.pQueueFont
                0x00000000200004b4     0x1000 D:\Lap Trinh\lap trinh\embedded\SDK_1.0.3_NUCLEO-F401RE\lib_stm\libLibraries.a(ucg_font.o)
 .bss.next.7562
                0x00000000200014b4        0x1 D:\Lap Trinh\lap trinh\embedded\SDK_1.0.3_NUCLEO-F401RE\lib_stm\libLibraries.a(ucg_font.o)
 .bss.__lock___malloc_recursive_mutex
                0x00000000200014b5        0x1 c:/st/stm32cubeide_1.10.1/stm32cubeide/plugins/com.st.stm32cube.ide.mcu.externaltools.gnu-tools-for-stm32.10.3-2021.10.win32_1.0.100.202210260954/tools/bin/../lib/gcc/arm-none-eabi/10.3.1/../../../../arm-none-eabi/lib/thumb/v7e-m+fp/hard\libc_nano.a(lib_a-lock.o)
                0x00000000200014b5                __lock___malloc_recursive_mutex
 .bss.__lock___sfp_recursive_mutex
                0x00000000200014b6        0x1 c:/st/stm32cubeide_1.10.1/stm32cubeide/plugins/com.st.stm32cube.ide.mcu.externaltools.gnu-tools-for-stm32.10.3-2021.10.win32_1.0.100.202210260954/tools/bin/../lib/gcc/arm-none-eabi/10.3.1/../../../../arm-none-eabi/lib/thumb/v7e-m+fp/hard\libc_nano.a(lib_a-lock.o)
                0x00000000200014b6                __lock___sfp_recursive_mutex
 .bss.__lock___sinit_recursive_mutex
                0x00000000200014b7        0x1 c:/st/stm32cubeide_1.10.1/stm32cubeide/plugins/com.st.stm32cube.ide.mcu.externaltools.gnu-tools-for-stm32.10.3-2021.10.win32_1.0.100.202210260954/tools/bin/../lib/gcc/arm-none-eabi/10.3.1/../../../../arm-none-eabi/lib/thumb/v7e-m+fp/hard\libc_nano.a(lib_a-lock.o)
                0x00000000200014b7                __lock___sinit_recursive_mutex
 .bss.__malloc_free_list
                0x00000000200014b8        0x4 c:/st/stm32cubeide_1.10.1/stm32cubeide/plugins/com.st.stm32cube.ide.mcu.externaltools.gnu-tools-for-stm32.10.3-2021.10.win32_1.0.100.202210260954/tools/bin/../lib/gcc/arm-none-eabi/10.3.1/../../../../arm-none-eabi/lib/thumb/v7e-m+fp/hard\libc_nano.a(lib_a-nano-mallocr.o)
                0x00000000200014b8                __malloc_free_list
 .bss.__malloc_sbrk_start
                0x00000000200014bc        0x4 c:/st/stm32cubeide_1.10.1/stm32cubeide/plugins/com.st.stm32cube.ide.mcu.externaltools.gnu-tools-for-stm32.10.3-2021.10.win32_1.0.100.202210260954/tools/bin/../lib/gcc/arm-none-eabi/10.3.1/../../../../arm-none-eabi/lib/thumb/v7e-m+fp/hard\libc_nano.a(lib_a-nano-mallocr.o)
                0x00000000200014bc                __malloc_sbrk_start
 .bss.errno     0x00000000200014c0        0x4 c:/st/stm32cubeide_1.10.1/stm32cubeide/plugins/com.st.stm32cube.ide.mcu.externaltools.gnu-tools-for-stm32.10.3-2021.10.win32_1.0.100.202210260954/tools/bin/../lib/gcc/arm-none-eabi/10.3.1/../../../../arm-none-eabi/lib/thumb/v7e-m+fp/hard\libc_nano.a(lib_a-reent.o)
                0x00000000200014c0                errno
 *(COMMON)
 COMMON         0x00000000200014c4        0xc D:\Lap Trinh\lap trinh\embedded\SDK_1.0.3_NUCLEO-F401RE\lib_stm\libLibraries.a(ucg_font.o)
                0x00000000200014c4                ucg_draw_str
                0x00000000200014d0                . = ALIGN (0x4)
                0x00000000200014d0                _ebss = .
                0x00000000200014d0                __bss_end__ = _ebss

._user_heap_stack
                0x00000000200014d0      0x600 load address 0x0000000008007a1c
                0x00000000200014d0                . = ALIGN (0x8)
                [!provide]                        PROVIDE (end = .)
                0x00000000200014d0                PROVIDE (_end = .)
                0x00000000200016d0                . = (. + _Min_Heap_Size)
 *fill*         0x00000000200014d0      0x200 
                0x0000000020001ad0                . = (. + _Min_Stack_Size)
 *fill*         0x00000000200016d0      0x400 
                0x0000000020001ad0                . = ALIGN (0x8)

/DISCARD/
 libc.a(*)
 libm.a(*)
 libgcc.a(*)

.ARM.attributes
                0x0000000000000000       0x30
 *(.ARM.attributes)
 .ARM.attributes
                0x0000000000000000       0x1e c:/st/stm32cubeide_1.10.1/stm32cubeide/plugins/com.st.stm32cube.ide.mcu.externaltools.gnu-tools-for-stm32.10.3-2021.10.win32_1.0.100.202210260954/tools/bin/../lib/gcc/arm-none-eabi/10.3.1/thumb/v7e-m+fp/hard/crti.o
 .ARM.attributes
                0x000000000000001e       0x34 c:/st/stm32cubeide_1.10.1/stm32cubeide/plugins/com.st.stm32cube.ide.mcu.externaltools.gnu-tools-for-stm32.10.3-2021.10.win32_1.0.100.202210260954/tools/bin/../lib/gcc/arm-none-eabi/10.3.1/thumb/v7e-m+fp/hard/crtbegin.o
 .ARM.attributes
                0x0000000000000052       0x34 ./Src/main.o
 .ARM.attributes
                0x0000000000000086       0x34 ./Src/syscalls.o
 .ARM.attributes
                0x00000000000000ba       0x34 ./Src/sysmem.o
 .ARM.attributes
                0x00000000000000ee       0x21 ./Startup/startup_stm32f401retx.o
 .ARM.attributes
                0x000000000000010f       0x39 D:\Lap Trinh\lap trinh\embedded\SDK_1.0.3_NUCLEO-F401RE\lib_stm\libLibraries.a(system_stm32f4xx.o)
 .ARM.attributes
                0x0000000000000148       0x39 D:\Lap Trinh\lap trinh\embedded\SDK_1.0.3_NUCLEO-F401RE\lib_stm\libLibraries.a(misc.o)
 .ARM.attributes
                0x0000000000000181       0x39 D:\Lap Trinh\lap trinh\embedded\SDK_1.0.3_NUCLEO-F401RE\lib_stm\libLibraries.a(stm32f401re_gpio.o)
 .ARM.attributes
                0x00000000000001ba       0x39 D:\Lap Trinh\lap trinh\embedded\SDK_1.0.3_NUCLEO-F401RE\lib_stm\libLibraries.a(stm32f401re_rcc.o)
 .ARM.attributes
                0x00000000000001f3       0x39 D:\Lap Trinh\lap trinh\embedded\SDK_1.0.3_NUCLEO-F401RE\lib_stm\libLibraries.a(stm32f401re_usart.o)
 .ARM.attributes
                0x000000000000022c       0x39 D:\Lap Trinh\lap trinh\embedded\SDK_1.0.3_NUCLEO-F401RE\lib_stm\libLibraries.a(buzzer.o)
 .ARM.attributes
                0x0000000000000265       0x39 D:\Lap Trinh\lap trinh\embedded\SDK_1.0.3_NUCLEO-F401RE\lib_stm\libLibraries.a(melody.o)
 .ARM.attributes
                0x000000000000029e       0x39 D:\Lap Trinh\lap trinh\embedded\SDK_1.0.3_NUCLEO-F401RE\lib_stm\libLibraries.a(led.o)
 .ARM.attributes