../Src/main.c:128:6:USART2_Init	40	static
../Src/main.c:191:6:USART2_Custom_IRQHandler	8	static
../Src/main.c:210:6:Serial_Init1	8	static
../Src/main.c:225:9:PollRxBuff	16	static
../Src/main.c:299:13:check_data_transmis	8	static
../Src/main.c:381:6:sendData_toHost	24	static
../Src/main.c:409:6:tempHum_Scan	16	static
../Src/main.c:438:6:light_Scan	16	static
../Src/main.c:456:6:Task_multiSensorScan	16	static
../Src/main.c:476:6:processSerialReceiver1	16	static
../Src/main.c:515:6:LED_PacketRespond	24	static
../Src/main.c:542:6:Buzzer_PacketRespond	24	static
../Src/main.c:567:6:AppInitCommon	16	static
../Src/main.c:584:5:main	8	static
